13:33:48.737 [ INFO] maestro.cli.runner.CliConsoleListener.onCommandStart: Define variables RUNNING
13:33:48.740 [ INFO] maestro.cli.runner.CliConsoleListener.onCommandFinished: Define variables COMPLETED
13:33:48.740 [ INFO] maestro.cli.runner.CliConsoleListener.onCommandStart: Apply configuration RUNNING
13:33:48.741 [ INFO] maestro.cli.runner.CliConsoleListener.onCommandFinished: Apply configuration COMPLETED
13:33:48.741 [ INFO] maestro.cli.runner.CliConsoleListener.onCommandStart: Launch app "com.flowmobile" with clear state (launch arguments: {MAESTRO_TEST_MODE=true, MAESTRO_API_URL=http://192.168.0.138:8000}) RUNNING
13:33:48.742 [ INFO] maestro.Maestro.clearAppState$lambda$8: Clearing app state com.flowmobile
13:33:58.734 [DEBUG] maestro.Maestro.setPermissionInternal: Failed to set permission android.hardware.usb.UsbAccessory for app com.flowmobile: shell command failed (exit -1): 
Exception occurred while executing 'grant':
java.lang.IllegalArgumentException: Unknown permission android.hardware.usb.UsbAccessory
	at com.android.server.permission.access.permission.PermissionService.access$setRuntimePermissionGranted(qb/97281722 7c90224ff0d416aeb6cb4424c691e44226b4b42fba9bad6a8d455ec1073db6ed:47)
	at com.android.server.permission.access.permission.PermissionService.setRuntimePermissionGranted$default(qb/97281722 7c90224ff0d416aeb6cb4424c691e44226b4b42fba9bad6a8d455ec1073db6ed:293)
	at com.android.server.permission.access.permission.PermissionService.grantRuntimePermission(qb/97281722 7c90224ff0d416aeb6cb4424c691e44226b4b42fba9bad6a8d455ec1073db6ed:11)
	at com.android.server.pm.permission.PermissionManagerService.grantRuntimePermission(qb/97281722 7c90224ff0d416aeb6cb4424c691e44226b4b42fba9bad6a8d455ec1073db6ed:3)
	at android.permission.PermissionManager.grantRuntimePermissionInternal(PermissionManager.java:681)
	at android.permission.PermissionManager.grantRuntimePermission(PermissionManager.java:644)
	at com.android.server.pm.PackageManagerShellCommand.runGrantRevokePermission(qb/97281722 7c90224ff0d416aeb6cb4424c691e44226b4b42fba9bad6a8d455ec1073db6ed:258)
	at com.android.server.pm.PackageManagerShellCommand.onCommand(qb/97281722 7c90224ff0d416aeb6cb4424c691e44226b4b42fba9bad6a8d455ec1073db6ed:1700)
	at com.android.modules.utils.BasicShellCommandHandler.exec(BasicShellCommandHandler.java:97)
	at android.os.ShellCommand.exec(ShellCommand.java:38)
	at com.android.server.pm.PackageManagerService$IPackageManagerImpl.onShellCommand(qb/97281722 7c90224ff0d416aeb6cb4424c691e44226b4b42fba9bad6a8d455ec1073db6ed:23)
	at android.os.Binder.shellCommand(Binder.java:1266)
	at android.os.Binder.onTransact(Binder.java:1069)
	at android.content.pm.IPackageManager$Stub.onTransact(IPackageManager.java:5172)
	at com.android.server.pm.PackageManagerService$IPackageManagerImpl.onTransact(qb/97281722 7c90224ff0d416aeb6cb4424c691e44226b4b42fba9bad6a8d455ec1073db6ed:1)
	at android.os.Binder.execTransactInternal(Binder.java:1541)
	at android.os.Binder.execTransact(Binder.java:1480)

13:33:58.970 [ INFO] maestro.Maestro.launchApp$lambda$5: Launching app com.flowmobile
13:33:58.971 [ INFO] maestro.Maestro.launchApp$lambda$5: Stopping com.flowmobile app during launch
13:33:59.223 [ INFO] maestro.cli.runner.CliConsoleListener.onCommandFinished: Launch app "com.flowmobile" with clear state (launch arguments: {MAESTRO_TEST_MODE=true, MAESTRO_API_URL=http://192.168.0.138:8000}) COMPLETED
13:33:59.225 [ INFO] maestro.cli.runner.CliConsoleListener.onCommandStart: Take screenshot start RUNNING
13:33:59.233 [ INFO] maestro.Maestro.takeScreenshot: Taking screenshot
13:33:59.237 [TRACE] maestro.utils.ScreenshotUtils.takeScreenshot: Taking screenshot to output sink
13:33:59.558 [ INFO] maestro.cli.runner.CliConsoleListener.onCommandFinished: Take screenshot start COMPLETED
13:33:59.559 [ INFO] maestro.cli.runner.CliConsoleListener.onCommandStart: Run flows/shared-login.yaml RUNNING
13:33:59.562 [ INFO] maestro.cli.runner.CliConsoleListener.onCommandStart: Define variables RUNNING
13:33:59.562 [ INFO] maestro.cli.runner.CliConsoleListener.onCommandFinished: Define variables COMPLETED
13:33:59.563 [ INFO] maestro.cli.runner.CliConsoleListener.onCommandStart: Apply configuration RUNNING
13:33:59.563 [ INFO] maestro.cli.runner.CliConsoleListener.onCommandFinished: Apply configuration COMPLETED
13:33:59.565 [ INFO] maestro.cli.runner.CliConsoleListener.onCommandStart: Tap on (Optional) "Later" RUNNING
13:34:06.477 [ INFO] maestro.orchestra.Orchestra.executeSubflowCommands: [Command execution subflow] CommandWarned: Element not found: Text matching regex: Later
13:34:06.737 [ INFO] maestro.Maestro.takeScreenshot: Taking screenshot
13:34:06.738 [TRACE] maestro.utils.ScreenshotUtils.takeScreenshot: Taking screenshot to output sink
13:34:06.972 [ INFO] maestro.cli.runner.CliConsoleListener.onCommandFinished: Tap on (Optional) "Later" WARNED
13:34:06.973 [ INFO] maestro.cli.runner.CliConsoleListener.onCommandStart: Assert that id: login-username-input is visible RUNNING
13:34:09.219 [ INFO] maestro.cli.runner.CliConsoleListener.onCommandFinished: Assert that id: login-username-input is visible COMPLETED
13:34:09.219 [ INFO] maestro.cli.runner.CliConsoleListener.onCommandStart: Take screenshot login-screen RUNNING
13:34:09.220 [ INFO] maestro.Maestro.takeScreenshot: Taking screenshot
13:34:09.221 [TRACE] maestro.utils.ScreenshotUtils.takeScreenshot: Taking screenshot to output sink
13:34:09.477 [ INFO] maestro.cli.runner.CliConsoleListener.onCommandFinished: Take screenshot login-screen COMPLETED
13:34:09.477 [ INFO] maestro.cli.runner.CliConsoleListener.onCommandStart: Tap on id: login-username-input RUNNING
13:34:09.727 [ INFO] maestro.Maestro.tap-HgV9Ck0: Tapping on element:  UiElement(treeNode=TreeNode(attributes={text=, accessibilityText=, hintText=Enter your username, ignoreBoundsFiltering=false, resource-id=login-username-input, clickable=true, bounds=[110,889][970,1034], enabled=true, focused=false, checked=false, scrollable=false, selected=false, class=android.widget.EditText, important-for-accessibility=true, error=}, children=[], clickable=true, enabled=true, focused=false, checked=false, selected=false), bounds=Bounds(x=110, y=889, width=860, height=145))
13:34:11.127 [ INFO] maestro.Maestro.tap-HgV9Ck0: Tap aimed via settled hierarchy
13:34:11.135 [ INFO] maestro.Maestro.hierarchyBasedTap-ogj28Uc: Tapping at (540, 961) using hierarchy based logic for wait
13:34:12.833 [ INFO] maestro.Maestro.hierarchyBasedTap-ogj28Uc: Something has changed in the UI judging by view hierarchy. Proceed.
13:34:12.834 [ INFO] maestro.cli.runner.CliConsoleListener.onCommandFinished: Tap on id: login-username-input COMPLETED
13:34:12.835 [ INFO] maestro.cli.runner.CliConsoleListener.onCommandStart: Input text ${TEST_USERNAME} RUNNING
13:34:13.354 [ INFO] maestro.Maestro.inputText: Inputting text: neato-tester-local
13:34:17.154 [ INFO] maestro.cli.runner.CliConsoleListener.onCommandFinished: Input text ${TEST_USERNAME} COMPLETED
13:34:17.159 [ INFO] maestro.cli.runner.CliConsoleListener.onCommandStart: Tap on id: login-password-input RUNNING
13:34:17.505 [ INFO] maestro.Maestro.tap-HgV9Ck0: Tapping on element:  UiElement(treeNode=TreeNode(attributes={text=, accessibilityText=, hintText=Enter your password, ignoreBoundsFiltering=false, resource-id=login-password-input, clickable=true, bounds=[110,797][897,943], enabled=true, focused=false, checked=false, scrollable=false, selected=false, class=android.widget.EditText, important-for-accessibility=true, error=}, children=[], clickable=true, enabled=true, focused=false, checked=false, selected=false), bounds=Bounds(x=110, y=797, width=787, height=146))
13:34:19.055 [ INFO] maestro.Maestro.tap-HgV9Ck0: Tap aimed via settled hierarchy
13:34:19.058 [ INFO] maestro.Maestro.hierarchyBasedTap-ogj28Uc: Tapping at (503, 870) using hierarchy based logic for wait
13:34:20.634 [ INFO] maestro.Maestro.hierarchyBasedTap-ogj28Uc: Something has changed in the UI judging by view hierarchy. Proceed.
13:34:20.636 [ INFO] maestro.cli.runner.CliConsoleListener.onCommandFinished: Tap on id: login-password-input COMPLETED
13:34:20.637 [ INFO] maestro.cli.runner.CliConsoleListener.onCommandStart: Input text ${TEST_PASSWORD} RUNNING
13:34:20.655 [ INFO] maestro.Maestro.inputText: Inputting text: Test1234!
13:34:23.020 [ INFO] maestro.cli.runner.CliConsoleListener.onCommandFinished: Input text ${TEST_PASSWORD} COMPLETED
13:34:23.020 [ INFO] maestro.cli.runner.CliConsoleListener.onCommandStart: Hide Keyboard RUNNING
13:34:23.021 [ INFO] maestro.Maestro.hideKeyboard$lambda$12: Hiding Keyboard
13:34:24.281 [ INFO] maestro.cli.runner.CliConsoleListener.onCommandFinished: Hide Keyboard COMPLETED
13:34:24.282 [ INFO] maestro.cli.runner.CliConsoleListener.onCommandStart: Tap on id: login-submit-button RUNNING
13:34:24.476 [ INFO] maestro.Maestro.tap-HgV9Ck0: Tapping on element:  UiElement(treeNode=TreeNode(attributes={text=, accessibilityText=Log in, hintText=, ignoreBoundsFiltering=false, resource-id=login-submit-button, clickable=true, bounds=[68,1366][1013,1512], enabled=true, focused=false, checked=false, scrollable=false, selected=false, class=android.widget.Button, important-for-accessibility=true, error=}, children=[TreeNode(attributes={text=Log in, accessibilityText=, hintText=, ignoreBoundsFiltering=false, resource-id=, clickable=false, bounds=[468,1408][614,1470], enabled=true, focused=false, checked=false, scrollable=false, selected=false, class=android.widget.TextView, important-for-accessibility=true, error=}, children=[], clickable=false, enabled=true, focused=false, checked=false, selected=false)], clickable=true, enabled=true, focused=false, checked=false, selected=false), bounds=Bounds(x=68, y=1366, width=945, height=146))
13:34:26.260 [ INFO] maestro.Maestro.tap-HgV9Ck0: Tap aimed via settled hierarchy
13:34:26.262 [ INFO] maestro.Maestro.hierarchyBasedTap-ogj28Uc: Tapping at (540, 1439) using hierarchy based logic for wait
13:34:27.578 [ INFO] maestro.Maestro.hierarchyBasedTap-ogj28Uc: Something has changed in the UI judging by view hierarchy. Proceed.
13:34:27.579 [ INFO] maestro.cli.runner.CliConsoleListener.onCommandFinished: Tap on id: login-submit-button COMPLETED
13:34:27.580 [ INFO] maestro.cli.runner.CliConsoleListener.onCommandStart: Assert that id: dashboard-operations-button is visible RUNNING
13:34:28.700 [ INFO] maestro.cli.runner.CliConsoleListener.onCommandFinished: Assert that id: dashboard-operations-button is visible COMPLETED
13:34:28.701 [ INFO] maestro.cli.runner.CliConsoleListener.onCommandStart: Assert that id: dashboard-operations-button is visible RUNNING
13:34:28.848 [ INFO] maestro.cli.runner.CliConsoleListener.onCommandFinished: Assert that id: dashboard-operations-button is visible COMPLETED
13:34:28.849 [ INFO] maestro.cli.runner.CliConsoleListener.onCommandStart: Take screenshot dashboard RUNNING
13:34:28.858 [ INFO] maestro.Maestro.takeScreenshot: Taking screenshot
13:34:28.859 [TRACE] maestro.utils.ScreenshotUtils.takeScreenshot: Taking screenshot to output sink
13:34:29.066 [ INFO] maestro.cli.runner.CliConsoleListener.onCommandFinished: Take screenshot dashboard COMPLETED
13:34:29.066 [ INFO] maestro.cli.runner.CliConsoleListener.onCommandFinished: Run flows/shared-login.yaml COMPLETED
13:34:29.067 [ INFO] maestro.cli.runner.CliConsoleListener.onCommandStart: Assert that id: dashboard-operations-button is visible RUNNING
13:34:29.322 [ INFO] maestro.cli.runner.CliConsoleListener.onCommandFinished: Assert that id: dashboard-operations-button is visible COMPLETED
13:34:29.322 [ INFO] maestro.cli.runner.CliConsoleListener.onCommandStart: Open Operations RUNNING
13:34:29.639 [ INFO] maestro.Maestro.tap-HgV9Ck0: Tapping on element:  UiElement(treeNode=TreeNode(attributes={text=, accessibilityText=Operations, Packing, receiving, QC, picking, outbound, hintText=, ignoreBoundsFiltering=false, resource-id=dashboard-operations-button, clickable=true, bounds=[56,540][1024,813], enabled=true, focused=false, checked=false, scrollable=false, selected=false, class=android.view.ViewGroup, important-for-accessibility=true, error=}, children=[TreeNode(attributes={text=, accessibilityText=, hintText=, ignoreBoundsFiltering=false, resource-id=, clickable=false, bounds=[98,615][222,739], enabled=true, focused=false, checked=false, scrollable=false, selected=false, class=android.view.ViewGroup, important-for-accessibility=false, error=}, children=[TreeNode(attributes={text=, accessibilityText=, hintText=, ignoreBoundsFiltering=false, resource-id=, clickable=false, bounds=[132,649][188,705], enabled=true, focused=false, checked=false, scrollable=false, selected=false, class=com.horcrux.svg.SvgView, important-for-accessibility=false, error=}, children=[TreeNode(attributes={text=, accessibilityText=, hintText=, ignoreBoundsFiltering=false, resource-id=, clickable=false, bounds=[135,653][184,701], enabled=true, focused=false, checked=false, scrollable=false, selected=false, class=com.horcrux.svg.GroupView, important-for-accessibility=false, error=}, children=[TreeNode(attributes={text=, accessibilityText=, hintText=, ignoreBoundsFiltering=false, resource-id=, clickable=false, bounds=[135,653][184,678], enabled=true, focused=false, checked=false, scrollable=false, selected=false, class=com.horcrux.svg.PathView, important-for-accessibility=false, error=}, children=[], clickable=false, enabled=true, focused=false, checked=false, selected=false), TreeNode(attributes={text=, accessibilityText=, hintText=, ignoreBoundsFiltering=false, resource-id=, clickable=false, bounds=[136,676][183,689], enabled=true, focused=false, checked=false, scrollable=false, selected=false, class=com.horcrux.svg.PathView, important-for-accessibility=false, error=}, children=[], clickable=false, enabled=true, focused=false, checked=false, selected=false), TreeNode(attributes={text=, accessibilityText=, hintText=, ignoreBoundsFiltering=false, resource-id=, clickable=false, bounds=[136,688][183,701], enabled=true, focused=false, checked=false, scrollable=false, selected=false, class=com.horcrux.svg.PathView, important-for-accessibility=false, error=}, children=[], clickable=false, enabled=true, focused=false, checked=false, selected=false)], clickable=false, enabled=true, focused=false, checked=false, selected=false)], clickable=false, enabled=true, focused=false, checked=false, selected=false)], clickable=false, enabled=true, focused=false, checked=false, selected=false), TreeNode(attributes={text=Operations, accessibilityText=, hintText=, ignoreBoundsFiltering=false, resource-id=, clickable=false, bounds=[261,582][930,655], enabled=true, focused=false, checked=false, scrollable=false, selected=false, class=android.widget.TextView, important-for-accessibility=true, error=}, children=[], clickable=false, enabled=true, focused=false, checked=false, selected=false), TreeNode(attributes={text=Packing, receiving, QC, picking, outbound, accessibilityText=, hintText=, ignoreBoundsFiltering=false, resource-id=, clickable=false, bounds=[261,661][930,771], enabled=true, focused=false, checked=false, scrollable=false, selected=false, class=android.widget.TextView, important-for-accessibility=true, error=}, children=[], clickable=false, enabled=true, focused=false, checked=false, selected=false), TreeNode(attributes={text=, accessibilityText=, hintText=, ignoreBoundsFiltering=false, resource-id=, clickable=false, bounds=[931,651][982,702], enabled=true, focused=false, checked=false, scrollable=false, selected=false, class=com.horcrux.svg.SvgView, important-for-accessibility=false, error=}, children=[TreeNode(attributes={text=, accessibilityText=, hintText=, ignoreBoundsFiltering=false, resource-id=, clickable=false, bounds=[950,663][963,689], enabled=true, focused=false, checked=false, scrollable=false, selected=false, class=com.horcrux.svg.GroupView, important-for-accessibility=false, error=}, children=[TreeNode(attributes={text=, accessibilityText=, hintText=, ignoreBoundsFiltering=false, resource-id=, clickable=false, bounds=[950,663][963,689], enabled=true, focused=false, checked=false, scrollable=false, selected=false, class=com.horcrux.svg.PathView, important-for-accessibility=false, error=}, children=[], clickable=false, enabled=true, focused=false, checked=false, selected=false)], clickable=false, enabled=true, focused=false, checked=false, selected=false)], clickable=false, enabled=true, focused=false, checked=false, selected=false)], clickable=true, enabled=true, focused=false, checked=false, selected=false), bounds=Bounds(x=56, y=540, width=968, height=273))
13:34:31.717 [ INFO] maestro.Maestro.tap-HgV9Ck0: Tap aimed via settled hierarchy
13:34:31.718 [ INFO] maestro.Maestro.hierarchyBasedTap-ogj28Uc: Tapping at (540, 676) using hierarchy based logic for wait
13:34:33.599 [ INFO] maestro.Maestro.hierarchyBasedTap-ogj28Uc: Something has changed in the UI judging by view hierarchy. Proceed.
13:34:33.600 [ INFO] maestro.cli.runner.CliConsoleListener.onCommandFinished: Open Operations COMPLETED
13:34:33.601 [ INFO] maestro.cli.runner.CliConsoleListener.onCommandStart: Assert that id: operations-check-status-button is visible RUNNING
13:34:33.951 [ INFO] maestro.cli.runner.CliConsoleListener.onCommandFinished: Assert that id: operations-check-status-button is visible COMPLETED
13:34:33.952 [ INFO] maestro.cli.runner.CliConsoleListener.onCommandStart: Take screenshot operations-landing RUNNING
13:34:33.954 [ INFO] maestro.Maestro.takeScreenshot: Taking screenshot
13:34:33.955 [TRACE] maestro.utils.ScreenshotUtils.takeScreenshot: Taking screenshot to output sink
13:34:34.261 [ INFO] maestro.cli.runner.CliConsoleListener.onCommandFinished: Take screenshot operations-landing COMPLETED
13:34:34.262 [ INFO] maestro.cli.runner.CliConsoleListener.onCommandStart: Open Check Status RUNNING
13:34:34.614 [ INFO] maestro.Maestro.tap-HgV9Ck0: Tapping on element:  UiElement(treeNode=TreeNode(attributes={text=, accessibilityText=Check Status, Look up a pallet or work order, hintText=, ignoreBoundsFiltering=false, resource-id=operations-check-status-button, clickable=true, bounds=[56,1784][1024,2007], enabled=true, focused=false, checked=false, scrollable=false, selected=false, class=android.view.ViewGroup, important-for-accessibility=true, error=}, children=[TreeNode(attributes={text=, accessibilityText=, hintText=, ignoreBoundsFiltering=false, resource-id=, clickable=false, bounds=[98,1834][222,1958], enabled=true, focused=false, checked=false, scrollable=false, selected=false, class=android.view.ViewGroup, important-for-accessibility=false, error=}, children=[TreeNode(attributes={text=, accessibilityText=, hintText=, ignoreBoundsFiltering=false, resource-id=, clickable=false, bounds=[132,1868][188,1924], enabled=true, focused=false, checked=false, scrollable=false, selected=false, class=com.horcrux.svg.SvgView, important-for-accessibility=false, error=}, children=[TreeNode(attributes={text=, accessibilityText=, hintText=, ignoreBoundsFiltering=false, resource-id=, clickable=false, bounds=[138,1874][180,1916], enabled=true, focused=false, checked=false, scrollable=false, selected=false, class=com.horcrux.svg.GroupView, important-for-accessibility=false, error=}, children=[TreeNode(attributes={text=, accessibilityText=, hintText=, ignoreBoundsFiltering=false, resource-id=, clickable=false, bounds=[138,1874][176,1912], enabled=true, focused=false, checked=false, scrollable=false, selected=false, class=com.horcrux.svg.CircleView, important-for-accessibility=false, error=}, children=[], clickable=false, enabled=true, focused=false, checked=false, selected=false), TreeNode(attributes={text=, accessibilityText=, hintText=, ignoreBoundsFiltering=false, resource-id=, clickable=false, bounds=[170,1906][181,1917], enabled=true, focused=false, checked=false, scrollable=false, selected=false, class=com.horcrux.svg.PathView, important-for-accessibility=false, error=}, children=[], clickable=false, enabled=true, focused=false, checked=false, selected=false)], clickable=false, enabled=true, focused=false, checked=false, selected=false)], clickable=false, enabled=true, focused=false, checked=false, selected=false)], clickable=false, enabled=true, focused=false, checked=false, selected=false), TreeNode(attributes={text=Check Status, accessibilityText=, hintText=, ignoreBoundsFiltering=false, resource-id=, clickable=false, bounds=[261,1826][930,1899], enabled=true, focused=false, checked=false, scrollable=false, selected=false, class=android.widget.TextView, important-for-accessibility=true, error=}, children=[], clickable=false, enabled=true, focused=false, checked=false, selected=false), TreeNode(attributes={text=Look up a pallet or work order, accessibilityText=, hintText=, ignoreBoundsFiltering=false, resource-id=, clickable=false, bounds=[261,1905][930,1965], enabled=true, focused=false, checked=false, scrollable=false, selected=false, class=android.widget.TextView, important-for-accessibility=true, error=}, children=[], clickable=false, enabled=true, focused=false, checked=false, selected=false), TreeNode(attributes={text=, accessibilityText=, hintText=, ignoreBoundsFiltering=false, resource-id=, clickable=false, bounds=[931,1870][982,1920], enabled=true, focused=false, checked=false, scrollable=false, selected=false, class=com.horcrux.svg.SvgView, important-for-accessibility=false, error=}, children=[TreeNode(attributes={text=, accessibilityText=, hintText=, ignoreBoundsFiltering=false, resource-id=, clickable=false, bounds=[950,1882][963,1907], enabled=true, focused=false, checked=false, scrollable=false, selected=false, class=com.horcrux.svg.GroupView, important-for-accessibility=false, error=}, children=[TreeNode(attributes={text=, accessibilityText=, hintText=, ignoreBoundsFiltering=false, resource-id=, clickable=false, bounds=[950,1882][963,1907], enabled=true, focused=false, checked=false, scrollable=false, selected=false, class=com.horcrux.svg.PathView, important-for-accessibility=false, error=}, children=[], clickable=false, enabled=true, focused=false, checked=false, selected=false)], clickable=false, enabled=true, focused=false, checked=false, selected=false)], clickable=false, enabled=true, focused=false, checked=false, selected=false)], clickable=true, enabled=true, focused=false, checked=false, selected=false), bounds=Bounds(x=56, y=1784, width=968, height=223))
13:34:36.956 [ INFO] maestro.Maestro.tap-HgV9Ck0: Tap aimed via settled hierarchy
13:34:36.957 [ INFO] maestro.Maestro.hierarchyBasedTap-ogj28Uc: Tapping at (540, 1895) using hierarchy based logic for wait
13:34:37.685 [ INFO] maestro.cli.runner.CliConsoleListener.onCommandFinished: Open Check Status COMPLETED
13:34:37.686 [ INFO] maestro.cli.runner.CliConsoleListener.onCommandStart: Assert that id: check-status-scan-button is visible RUNNING
13:34:40.887 [ INFO] maestro.cli.runner.CliConsoleListener.onCommandFinished: Assert that id: check-status-scan-button is visible COMPLETED
13:34:40.889 [ INFO] maestro.cli.runner.CliConsoleListener.onCommandStart: Take screenshot check-status-screen RUNNING
13:34:40.890 [ INFO] maestro.Maestro.takeScreenshot: Taking screenshot
13:34:40.891 [TRACE] maestro.utils.ScreenshotUtils.takeScreenshot: Taking screenshot to output sink
13:34:41.186 [ INFO] maestro.cli.runner.CliConsoleListener.onCommandFinished: Take screenshot check-status-screen COMPLETED
13:34:41.187 [ INFO] maestro.cli.runner.CliConsoleListener.onCommandStart: Scan pallet TEST-PICK-SHARED-PALLET RUNNING
13:34:41.188 [ INFO] maestro.cli.runner.CliConsoleListener.onCommandStart: Define variables RUNNING
13:34:41.188 [ INFO] maestro.cli.runner.CliConsoleListener.onCommandFinished: Define variables COMPLETED
13:34:41.189 [ INFO] maestro.cli.runner.CliConsoleListener.onCommandStart: Apply configuration RUNNING
13:34:41.189 [ INFO] maestro.cli.runner.CliConsoleListener.onCommandFinished: Apply configuration COMPLETED
13:34:41.189 [ INFO] maestro.cli.runner.CliConsoleListener.onCommandStart: Assert that id: ${triggerId} is visible RUNNING
13:34:41.364 [ INFO] maestro.cli.runner.CliConsoleListener.onCommandFinished: Assert that id: ${triggerId} is visible COMPLETED
13:34:41.365 [ INFO] maestro.cli.runner.CliConsoleListener.onCommandStart: Tap on id: ${triggerId} RUNNING
13:34:41.559 [ INFO] maestro.Maestro.tap-HgV9Ck0: Tapping on element:  UiElement(treeNode=TreeNode(attributes={text=, accessibilityText=Scan Barcode, Tap here or press hardware button, hintText=, ignoreBoundsFiltering=false, resource-id=check-status-scan-button, clickable=true, bounds=[56,672][1024,1225], enabled=true, focused=false, checked=false, scrollable=false, selected=false, class=android.view.ViewGroup, important-for-accessibility=true, error=}, children=[TreeNode(attributes={text=, accessibilityText=, hintText=, ignoreBoundsFiltering=false, resource-id=, clickable=false, bounds=[472,773][607,908], enabled=true, focused=false, checked=false, scrollable=false, selected=false, class=com.horcrux.svg.SvgView, important-for-accessibility=false, error=}, children=[TreeNode(attributes={text=, accessibilityText=, hintText=, ignoreBoundsFiltering=false, resource-id=, clickable=false, bounds=[488,789][590,891], enabled=true, focused=false, checked=false, scrollable=false, selected=false, class=com.horcrux.svg.GroupView, important-for-accessibility=false, error=}, children=[TreeNode(attributes={text=, accessibilityText=, hintText=, ignoreBoundsFiltering=false, resource-id=, clickable=false, bounds=[488,789][578,879], enabled=true, focused=false, checked=false, scrollable=false, selected=false, class=com.horcrux.svg.CircleView, important-for-accessibility=false, error=}, children=[], clickable=false, enabled=true, focused=false, checked=false, selected=false), TreeNode(attributes={text=, accessibilityText=, hintText=, ignoreBoundsFiltering=false, resource-id=, clickable=false, bounds=[565,866][590,891], enabled=true, focused=false, checked=false, scrollable=false, selected=false, class=com.horcrux.svg.PathView, important-for-accessibility=false, error=}, children=[], clickable=false, enabled=true, focused=false, checked=false, selected=false)], clickable=false, enabled=true, focused=false, checked=false, selected=false)], clickable=false, enabled=true, focused=false, checked=false, selected=false), TreeNode(attributes={text=Scan Barcode, accessibilityText=, hintText=, ignoreBoundsFiltering=false, resource-id=, clickable=false, bounds=[307,948][772,1049], enabled=true, focused=false, checked=false, scrollable=false, selected=false, class=android.widget.TextView, important-for-accessibility=true, error=}, children=[], clickable=false, enabled=true, focused=false, checked=false, selected=false), TreeNode(attributes={text=Tap here or press hardware button, accessibilityText=, hintText=, ignoreBoundsFiltering=false, resource-id=, clickable=false, bounds=[205,1066][874,1125], enabled=true, focused=false, checked=false, scrollable=false, selected=false, class=android.widget.TextView, important-for-accessibility=true, error=}, children=[], clickable=false, enabled=true, focused=false, checked=false, selected=false)], clickable=true, enabled=true, focused=false, checked=false, selected=false), bounds=Bounds(x=56, y=672, width=968, height=553))
13:34:42.959 [ INFO] maestro.Maestro.tap-HgV9Ck0: Tap aimed via settled hierarchy
13:34:42.961 [ INFO] maestro.Maestro.hierarchyBasedTap-ogj28Uc: Tapping at (540, 948) using hierarchy based logic for wait
13:34:44.300 [ INFO] maestro.Maestro.hierarchyBasedTap-ogj28Uc: Something has changed in the UI judging by view hierarchy. Proceed.
13:34:44.301 [ INFO] maestro.cli.runner.CliConsoleListener.onCommandFinished: Tap on id: ${triggerId} COMPLETED
13:34:44.301 [ INFO] maestro.cli.runner.CliConsoleListener.onCommandStart: Assert that id: scanner-manual-entry-button is visible RUNNING
13:34:44.435 [ INFO] maestro.cli.runner.CliConsoleListener.onCommandFinished: Assert that id: scanner-manual-entry-button is visible COMPLETED
13:34:44.435 [ INFO] maestro.cli.runner.CliConsoleListener.onCommandStart: Tap on id: scanner-manual-entry-button RUNNING
13:34:44.646 [ INFO] maestro.Maestro.tap-HgV9Ck0: Tapping on element:  UiElement(treeNode=TreeNode(attributes={text=, accessibilityText=MANUAL ENTRY (TEST), hintText=, ignoreBoundsFiltering=false, resource-id=scanner-manual-entry-button, clickable=true, bounds=[228,1798][852,1936], enabled=true, focused=false, checked=false, scrollable=false, selected=false, class=android.view.ViewGroup, important-for-accessibility=true, error=}, children=[TreeNode(attributes={text=MANUAL ENTRY (TEST), accessibilityText=, hintText=, ignoreBoundsFiltering=false, resource-id=, clickable=false, bounds=[301,1837][779,1896], enabled=true, focused=false, checked=false, scrollable=false, selected=false, class=android.widget.TextView, important-for-accessibility=true, error=}, children=[], clickable=false, enabled=true, focused=false, checked=false, selected=false)], clickable=true, enabled=true, focused=false, checked=false, selected=false), bounds=Bounds(x=228, y=1798, width=624, height=138))
13:34:46.293 [ INFO] maestro.Maestro.tap-HgV9Ck0: Tap aimed via settled hierarchy
13:34:46.295 [ INFO] maestro.Maestro.hierarchyBasedTap-ogj28Uc: Tapping at (540, 1867) using hierarchy based logic for wait
13:34:47.673 [ INFO] maestro.Maestro.hierarchyBasedTap-ogj28Uc: Something has changed in the UI judging by view hierarchy. Proceed.
13:34:47.674 [ INFO] maestro.cli.runner.CliConsoleListener.onCommandFinished: Tap on id: scanner-manual-entry-button COMPLETED
13:34:47.675 [ INFO] maestro.cli.runner.CliConsoleListener.onCommandStart: Assert that id: scanner-manual-input is visible RUNNING
13:34:47.829 [ INFO] maestro.cli.runner.CliConsoleListener.onCommandFinished: Assert that id: scanner-manual-input is visible COMPLETED
13:34:47.829 [ INFO] maestro.cli.runner.CliConsoleListener.onCommandStart: Tap on id: scanner-manual-input RUNNING
13:34:47.968 [ INFO] maestro.Maestro.tap-HgV9Ck0: Tapping on element:  UiElement(treeNode=TreeNode(attributes={text=, accessibilityText=, hintText=Type barcode or QR code value..., ignoreBoundsFiltering=false, resource-id=scanner-manual-input, clickable=true, bounds=[124,1090][956,1264], enabled=true, focused=true, checked=false, scrollable=false, selected=false, class=android.widget.EditText, important-for-accessibility=true, error=}, children=[], clickable=true, enabled=true, focused=true, checked=false, selected=false), bounds=Bounds(x=124, y=1090, width=832, height=174))
13:34:49.250 [ INFO] maestro.Maestro.tap-HgV9Ck0: Tap aimed via settled hierarchy
13:34:49.253 [ INFO] maestro.Maestro.hierarchyBasedTap-ogj28Uc: Tapping at (540, 1177) using hierarchy based logic for wait
13:34:50.909 [ INFO] maestro.Maestro.hierarchyBasedTap-ogj28Uc: Something has changed in the UI judging by view hierarchy. Proceed.
13:34:50.911 [ INFO] maestro.cli.runner.CliConsoleListener.onCommandFinished: Tap on id: scanner-manual-input COMPLETED
13:34:50.912 [ INFO] maestro.cli.runner.CliConsoleListener.onCommandStart: Input text ${value} RUNNING
13:34:50.950 [ INFO] maestro.Maestro.inputText: Inputting text: TEST-PICK-SHARED-PALLET
13:34:56.219 [ INFO] maestro.cli.runner.CliConsoleListener.onCommandFinished: Input text ${value} COMPLETED
13:34:56.221 [ INFO] maestro.cli.runner.CliConsoleListener.onCommandStart: Tap on id: scanner-manual-submit RUNNING
13:34:56.637 [ INFO] maestro.Maestro.tap-HgV9Ck0: Tapping on element:  UiElement(treeNode=TreeNode(attributes={text=, accessibilityText=Submit, hintText=, ignoreBoundsFiltering=false, resource-id=scanner-manual-submit, clickable=true, bounds=[560,884][956,1035], enabled=true, focused=false, checked=false, scrollable=false, selected=false, class=android.view.ViewGroup, important-for-accessibility=true, error=}, children=[TreeNode(attributes={text=Submit, accessibilityText=, hintText=, ignoreBoundsFiltering=false, resource-id=, clickable=false, bounds=[678,923][838,990], enabled=true, focused=false, checked=false, scrollable=false, selected=false, class=android.widget.TextView, important-for-accessibility=true, error=}, children=[], clickable=false, enabled=true, focused=false, checked=false, selected=false)], clickable=true, enabled=true, focused=false, checked=false, selected=false), bounds=Bounds(x=560, y=884, width=396, height=151))
13:34:58.268 [ INFO] maestro.Maestro.tap-HgV9Ck0: Tap aimed via settled hierarchy
13:34:58.270 [ INFO] maestro.Maestro.hierarchyBasedTap-ogj28Uc: Tapping at (758, 959) using hierarchy based logic for wait
13:35:01.795 [ INFO] maestro.Maestro.hierarchyBasedTap-ogj28Uc: Something has changed in the UI judging by view hierarchy. Proceed.
13:35:01.797 [ INFO] maestro.cli.runner.CliConsoleListener.onCommandFinished: Tap on id: scanner-manual-submit COMPLETED
13:35:01.798 [ INFO] maestro.cli.runner.CliConsoleListener.onCommandStart: Wait for animation to end RUNNING
13:35:01.806 [ INFO] maestro.Maestro.waitForAnimationToEnd$lambda$53: Waiting for animation to end with timeout 15000
13:35:01.809 [TRACE] maestro.utils.ScreenshotUtils.takeScreenshot: Taking screenshot to byte array
13:35:01.809 [TRACE] maestro.utils.ScreenshotUtils.takeScreenshot: Taking screenshot to output sink
13:35:02.182 [TRACE] maestro.utils.ScreenshotUtils.takeScreenshot: Taking screenshot to byte array
13:35:02.182 [TRACE] maestro.utils.ScreenshotUtils.takeScreenshot: Taking screenshot to output sink
13:35:02.682 [ INFO] maestro.cli.runner.CliConsoleListener.onCommandFinished: Wait for animation to end COMPLETED
13:35:02.682 [ INFO] maestro.cli.runner.CliConsoleListener.onCommandStart: Take screenshot after-scan-${value} RUNNING
13:35:02.685 [ INFO] maestro.Maestro.takeScreenshot: Taking screenshot
13:35:02.686 [TRACE] maestro.utils.ScreenshotUtils.takeScreenshot: Taking screenshot to output sink
13:35:02.963 [ INFO] maestro.cli.runner.CliConsoleListener.onCommandFinished: Take screenshot after-scan-${value} COMPLETED
13:35:02.963 [ INFO] maestro.cli.runner.CliConsoleListener.onCommandFinished: Scan pallet TEST-PICK-SHARED-PALLET COMPLETED
13:35:02.963 [ INFO] maestro.cli.runner.CliConsoleListener.onCommandStart: Assert that id: pallet-details-module is visible RUNNING
13:35:03.259 [ INFO] maestro.cli.runner.CliConsoleListener.onCommandFinished: Assert that id: pallet-details-module is visible COMPLETED
13:35:03.260 [ INFO] maestro.cli.runner.CliConsoleListener.onCommandStart: Assert that id: related-work-orders-module is visible RUNNING
13:35:03.544 [ INFO] maestro.cli.runner.CliConsoleListener.onCommandFinished: Assert that id: related-work-orders-module is visible COMPLETED
13:35:03.545 [ INFO] maestro.cli.runner.CliConsoleListener.onCommandStart: Assert that id: inventory-lots-module is visible RUNNING
13:35:03.804 [ INFO] maestro.cli.runner.CliConsoleListener.onCommandFinished: Assert that id: inventory-lots-module is visible COMPLETED
13:35:03.804 [ INFO] maestro.cli.runner.CliConsoleListener.onCommandStart: Take screenshot pallet-status RUNNING
13:35:03.805 [ INFO] maestro.Maestro.takeScreenshot: Taking screenshot
13:35:03.806 [TRACE] maestro.utils.ScreenshotUtils.takeScreenshot: Taking screenshot to output sink
13:35:04.147 [ INFO] maestro.cli.runner.CliConsoleListener.onCommandFinished: Take screenshot pallet-status COMPLETED
13:35:04.148 [ INFO] maestro.cli.runner.CliConsoleListener.onCommandStart: Scrolling DOWN until id: scan-another-barcode-button is visible with speed 40, visibility percentage 100%, timeout 10000 ms, with centering disabled RUNNING
13:35:04.969 [ WARN] maestro.orchestra.Orchestra.scrollUntilVisible: Error: maestro.MaestroException$ElementNotFound: Element not found: Id matching regex: scan-another-barcode-button
13:35:04.993 [ INFO] maestro.Maestro.swipeFromCenter: Swiping UP from center
13:35:06.429 [ INFO] maestro.orchestra.Orchestra.scrollUntilVisible: Scrolling try count: 0, DeviceWidth: 1080, DeviceWidth: 2408
13:35:06.429 [ INFO] maestro.orchestra.Orchestra.scrollUntilVisible: Element bounds: Bounds(x=56, y=2036, width=968, height=146)
13:35:06.430 [ INFO] maestro.orchestra.Orchestra.scrollUntilVisible: Visibility Percent: 1.0
13:35:06.435 [ INFO] maestro.orchestra.Orchestra.scrollUntilVisible: Command centerElement: ScrollUntilVisibleCommand(selector=ElementSelector(textRegex=null, idRegex=scan-another-barcode-button, size=null, below=null, above=null, leftOf=null, rightOf=null, containsChild=null, containsDescendants=null, traits=null, index=null, enabled=null, optional=false, selected=null, checked=null, focused=null, childOf=null, css=null), direction=DOWN, scrollDuration=601, visibilityPercentage=100, timeout=10000, waitToSettleTimeoutMs=null, centerElement=false, originalSpeedValue=40, label=null, optional=false).centerElement
13:35:06.435 [ INFO] maestro.orchestra.Orchestra.scrollUntilVisible: visibilityPercentageNormalized: 1.0
13:35:06.435 [ INFO] maestro.cli.runner.CliConsoleListener.onCommandFinished: Scrolling DOWN until id: scan-another-barcode-button is visible with speed 40, visibility percentage 100%, timeout 10000 ms, with centering disabled COMPLETED
13:35:06.435 [ INFO] maestro.cli.runner.CliConsoleListener.onCommandStart: Scan another barcode RUNNING
13:35:06.536 [ INFO] maestro.Maestro.tap-HgV9Ck0: Tapping on element:  UiElement(treeNode=TreeNode(attributes={text=, accessibilityText=Scan Another Barcode, hintText=, ignoreBoundsFiltering=false, resource-id=scan-another-barcode-button, clickable=true, bounds=[56,2036][1024,2182], enabled=true, focused=false, checked=false, scrollable=false, selected=false, class=android.widget.Button, important-for-accessibility=true, error=}, children=[TreeNode(attributes={text=Scan Another Barcode, accessibilityText=, hintText=, ignoreBoundsFiltering=false, resource-id=, clickable=false, bounds=[267,2078][813,2140], enabled=true, focused=false, checked=false, scrollable=false, selected=false, class=android.widget.TextView, important-for-accessibility=true, error=}, children=[], clickable=false, enabled=true, focused=false, checked=false, selected=false)], clickable=true, enabled=true, focused=false, checked=false, selected=false), bounds=Bounds(x=56, y=2036, width=968, height=146))
13:35:07.909 [ INFO] maestro.Maestro.tap-HgV9Ck0: Tap aimed via settled hierarchy
13:35:07.911 [ INFO] maestro.Maestro.hierarchyBasedTap-ogj28Uc: Tapping at (540, 2109) using hierarchy based logic for wait
13:35:09.427 [ INFO] maestro.Maestro.hierarchyBasedTap-ogj28Uc: Something has changed in the UI judging by view hierarchy. Proceed.
13:35:09.427 [ INFO] maestro.cli.runner.CliConsoleListener.onCommandFinished: Scan another barcode COMPLETED
13:35:09.427 [ INFO] maestro.cli.runner.CliConsoleListener.onCommandStart: Assert that id: check-status-scan-button is visible RUNNING
13:35:09.603 [ INFO] maestro.cli.runner.CliConsoleListener.onCommandFinished: Assert that id: check-status-scan-button is visible COMPLETED
13:35:09.604 [ INFO] maestro.cli.runner.CliConsoleListener.onCommandStart: Assert that id: pallet-details-module is not visible RUNNING
13:35:10.479 [ INFO] maestro.cli.runner.CliConsoleListener.onCommandFinished: Assert that id: pallet-details-module is not visible COMPLETED
13:35:10.481 [ INFO] maestro.cli.runner.CliConsoleListener.onCommandStart: Take screenshot final-state RUNNING
13:35:10.482 [ INFO] maestro.Maestro.takeScreenshot: Taking screenshot
13:35:10.483 [TRACE] maestro.utils.ScreenshotUtils.takeScreenshot: Taking screenshot to output sink
13:35:10.791 [ INFO] maestro.cli.runner.CliConsoleListener.onCommandFinished: Take screenshot final-state COMPLETED
