10:11:28.643 [ INFO] maestro.cli.runner.CliConsoleListener.onCommandStart: Define variables RUNNING
10:11:28.645 [ INFO] maestro.cli.runner.CliConsoleListener.onCommandFinished: Define variables COMPLETED
10:11:28.646 [ INFO] maestro.cli.runner.CliConsoleListener.onCommandStart: Apply configuration RUNNING
10:11:28.646 [ INFO] maestro.cli.runner.CliConsoleListener.onCommandFinished: Apply configuration COMPLETED
10:11:28.646 [ INFO] maestro.cli.runner.CliConsoleListener.onCommandStart: Launch app "com.flowmobile" with clear state (launch arguments: {MAESTRO_TEST_MODE=true, MAESTRO_API_URL=http://192.168.0.138:8000}) RUNNING
10:11:28.646 [ INFO] maestro.Maestro.clearAppState$lambda$8: Clearing app state com.flowmobile
10:11:38.556 [DEBUG] maestro.Maestro.setPermissionInternal: Failed to set permission android.hardware.usb.UsbAccessory for app com.flowmobile: shell command failed (exit -1): 
Exception occurred while executing 'grant':
java.lang.IllegalArgumentException: Unknown permission android.hardware.usb.UsbAccessory
	at com.android.server.permission.access.permission.PermissionService.access$setRuntimePermissionGranted(qb/97281722 7c90224ff0d416aeb6cb4424c691e44226b4b42fba9bad6a8d455ec1073db6ed:47)
	at com.android.server.permission.access.permission.PermissionService.setRuntimePermissionGranted$default(qb/97281722 7c90224ff0d416aeb6cb4424c691e44226b4b42fba9bad6a8d455ec1073db6ed:293)
	at com.android.server.permission.access.permission.PermissionService.grantRuntimePermission(qb/97281722 7c90224ff0d416aeb6cb4424c691e44226b4b42fba9bad6a8d455ec1073db6ed:11)
	at com.android.server.pm.permission.PermissionManagerService.grantRuntimePermission(qb/97281722 7c90224ff0d416aeb6cb4424c691e44226b4b42fba9bad6a8d455ec1073db6ed:3)
	at android.permission.PermissionManager.grantRuntimePermissionInternal(PermissionManager.java:681)
	at android.permission.PermissionManager.grantRuntimePermission(PermissionManager.java:644)
	at com.android.server.pm.PackageManagerShellCommand.runGrantRevokePermission(qb/97281722 7c90224ff0d416aeb6cb4424c691e44226b4b42fba9bad6a8d455ec1073db6ed:258)
	at com.android.server.pm.PackageManagerShellCommand.onCommand(qb/97281722 7c90224ff0d416aeb6cb4424c691e44226b4b42fba9bad6a8d455ec1073db6ed:1700)
	at com.android.modules.utils.BasicShellCommandHandler.exec(BasicShellCommandHandler.java:97)
	at android.os.ShellCommand.exec(ShellCommand.java:38)
	at com.android.server.pm.PackageManagerService$IPackageManagerImpl.onShellCommand(qb/97281722 7c90224ff0d416aeb6cb4424c691e44226b4b42fba9bad6a8d455ec1073db6ed:23)
	at android.os.Binder.shellCommand(Binder.java:1266)
	at android.os.Binder.onTransact(Binder.java:1069)
	at android.content.pm.IPackageManager$Stub.onTransact(IPackageManager.java:5172)
	at com.android.server.pm.PackageManagerService$IPackageManagerImpl.onTransact(qb/97281722 7c90224ff0d416aeb6cb4424c691e44226b4b42fba9bad6a8d455ec1073db6ed:1)
	at android.os.Binder.execTransactInternal(Binder.java:1541)
	at android.os.Binder.execTransact(Binder.java:1480)

10:11:38.742 [ INFO] maestro.Maestro.launchApp$lambda$5: Launching app com.flowmobile
10:11:38.743 [ INFO] maestro.Maestro.launchApp$lambda$5: Stopping com.flowmobile app during launch
10:11:38.976 [ INFO] maestro.cli.runner.CliConsoleListener.onCommandFinished: Launch app "com.flowmobile" with clear state (launch arguments: {MAESTRO_TEST_MODE=true, MAESTRO_API_URL=http://192.168.0.138:8000}) COMPLETED
10:11:38.977 [ INFO] maestro.cli.runner.CliConsoleListener.onCommandStart: Take screenshot start RUNNING
10:11:38.983 [ INFO] maestro.Maestro.takeScreenshot: Taking screenshot
10:11:38.986 [TRACE] maestro.utils.ScreenshotUtils.takeScreenshot: Taking screenshot to output sink
10:11:39.283 [ INFO] maestro.cli.runner.CliConsoleListener.onCommandFinished: Take screenshot start COMPLETED
10:11:39.284 [ INFO] maestro.cli.runner.CliConsoleListener.onCommandStart: Run flows/shared-login.yaml RUNNING
10:11:39.286 [ INFO] maestro.cli.runner.CliConsoleListener.onCommandStart: Define variables RUNNING
10:11:39.287 [ INFO] maestro.cli.runner.CliConsoleListener.onCommandFinished: Define variables COMPLETED
10:11:39.288 [ INFO] maestro.cli.runner.CliConsoleListener.onCommandStart: Apply configuration RUNNING
10:11:39.288 [ INFO] maestro.cli.runner.CliConsoleListener.onCommandFinished: Apply configuration COMPLETED
10:11:39.289 [ INFO] maestro.cli.runner.CliConsoleListener.onCommandStart: Tap on (Optional) "Later" RUNNING
10:11:46.280 [ INFO] maestro.orchestra.Orchestra.executeSubflowCommands: [Command execution subflow] CommandWarned: Element not found: Text matching regex: Later
10:11:46.521 [ INFO] maestro.Maestro.takeScreenshot: Taking screenshot
10:11:46.522 [TRACE] maestro.utils.ScreenshotUtils.takeScreenshot: Taking screenshot to output sink
10:11:46.788 [ INFO] maestro.cli.runner.CliConsoleListener.onCommandFinished: Tap on (Optional) "Later" WARNED
10:11:46.789 [ INFO] maestro.cli.runner.CliConsoleListener.onCommandStart: Assert that id: login-username-input is visible RUNNING
10:11:48.810 [ INFO] maestro.cli.runner.CliConsoleListener.onCommandFinished: Assert that id: login-username-input is visible COMPLETED
10:11:48.810 [ INFO] maestro.cli.runner.CliConsoleListener.onCommandStart: Take screenshot login-screen RUNNING
10:11:48.812 [ INFO] maestro.Maestro.takeScreenshot: Taking screenshot
10:11:48.812 [TRACE] maestro.utils.ScreenshotUtils.takeScreenshot: Taking screenshot to output sink
10:11:49.133 [ INFO] maestro.cli.runner.CliConsoleListener.onCommandFinished: Take screenshot login-screen COMPLETED
10:11:49.134 [ INFO] maestro.cli.runner.CliConsoleListener.onCommandStart: Tap on id: login-username-input RUNNING
10:11:49.385 [ INFO] maestro.Maestro.tap-HgV9Ck0: Tapping on element:  UiElement(treeNode=TreeNode(attributes={text=, accessibilityText=, hintText=Enter your username, ignoreBoundsFiltering=false, resource-id=login-username-input, clickable=true, bounds=[110,889][970,1034], enabled=true, focused=false, checked=false, scrollable=false, selected=false, class=android.widget.EditText, important-for-accessibility=true, error=}, children=[], clickable=true, enabled=true, focused=false, checked=false, selected=false), bounds=Bounds(x=110, y=889, width=860, height=145))
10:11:50.798 [ INFO] maestro.Maestro.tap-HgV9Ck0: Tap aimed via settled hierarchy
10:11:50.814 [ INFO] maestro.Maestro.hierarchyBasedTap-ogj28Uc: Tapping at (540, 961) using hierarchy based logic for wait
10:11:52.630 [ INFO] maestro.Maestro.hierarchyBasedTap-ogj28Uc: Something has changed in the UI judging by view hierarchy. Proceed.
10:11:52.632 [ INFO] maestro.cli.runner.CliConsoleListener.onCommandFinished: Tap on id: login-username-input COMPLETED
10:11:52.633 [ INFO] maestro.cli.runner.CliConsoleListener.onCommandStart: Input text ${TEST_USERNAME}¬ RUNNING
10:11:53.009 [ INFO] maestro.Maestro.inputText: Inputting text: neato-tester-local¬
10:11:56.406 [ INFO] maestro.cli.runner.CliConsoleListener.onCommandFinished: Input text ${TEST_USERNAME}¬ COMPLETED
10:11:56.407 [ INFO] maestro.cli.runner.CliConsoleListener.onCommandStart: Erase 1 characters RUNNING
10:11:56.411 [ INFO] maestro.Maestro.eraseText$lambda$52: Erasing 1 characters
10:11:57.810 [ INFO] maestro.cli.runner.CliConsoleListener.onCommandFinished: Erase 1 characters COMPLETED
10:11:57.811 [ INFO] maestro.cli.runner.CliConsoleListener.onCommandStart: Tap on id: login-password-input RUNNING
10:11:58.152 [ INFO] maestro.Maestro.tap-HgV9Ck0: Tapping on element:  UiElement(treeNode=TreeNode(attributes={text=, accessibilityText=, hintText=Enter your password, ignoreBoundsFiltering=false, resource-id=login-password-input, clickable=true, bounds=[110,797][897,943], enabled=true, focused=false, checked=false, scrollable=false, selected=false, class=android.widget.EditText, important-for-accessibility=true, error=}, children=[], clickable=true, enabled=true, focused=false, checked=false, selected=false), bounds=Bounds(x=110, y=797, width=787, height=146))
10:11:59.708 [ INFO] maestro.Maestro.tap-HgV9Ck0: Tap aimed via settled hierarchy
10:11:59.711 [ INFO] maestro.Maestro.hierarchyBasedTap-ogj28Uc: Tapping at (503, 870) using hierarchy based logic for wait
10:12:01.546 [ INFO] maestro.Maestro.hierarchyBasedTap-ogj28Uc: Something has changed in the UI judging by view hierarchy. Proceed.
10:12:01.548 [ INFO] maestro.cli.runner.CliConsoleListener.onCommandFinished: Tap on id: login-password-input COMPLETED
10:12:01.548 [ INFO] maestro.cli.runner.CliConsoleListener.onCommandStart: Input text ${TEST_PASSWORD}¬ RUNNING
10:12:01.557 [ INFO] maestro.Maestro.inputText: Inputting text: Test1234!¬
10:12:04.121 [ INFO] maestro.cli.runner.CliConsoleListener.onCommandFinished: Input text ${TEST_PASSWORD}¬ COMPLETED
10:12:04.122 [ INFO] maestro.cli.runner.CliConsoleListener.onCommandStart: Erase 1 characters RUNNING
10:12:04.123 [ INFO] maestro.Maestro.eraseText$lambda$52: Erasing 1 characters
10:12:05.353 [ INFO] maestro.cli.runner.CliConsoleListener.onCommandFinished: Erase 1 characters COMPLETED
10:12:05.354 [ INFO] maestro.cli.runner.CliConsoleListener.onCommandStart: Hide Keyboard RUNNING
10:12:05.358 [ INFO] maestro.Maestro.hideKeyboard$lambda$12: Hiding Keyboard
10:12:06.972 [ INFO] maestro.cli.runner.CliConsoleListener.onCommandFinished: Hide Keyboard COMPLETED
10:12:06.972 [ INFO] maestro.cli.runner.CliConsoleListener.onCommandStart: Tap on id: login-submit-button RUNNING
10:12:07.179 [ INFO] maestro.Maestro.tap-HgV9Ck0: Tapping on element:  UiElement(treeNode=TreeNode(attributes={text=, accessibilityText=Log in, hintText=, ignoreBoundsFiltering=false, resource-id=login-submit-button, clickable=true, bounds=[68,1366][1013,1512], enabled=true, focused=false, checked=false, scrollable=false, selected=false, class=android.widget.Button, important-for-accessibility=true, error=}, children=[TreeNode(attributes={text=Log in, accessibilityText=, hintText=, ignoreBoundsFiltering=false, resource-id=, clickable=false, bounds=[468,1408][614,1470], enabled=true, focused=false, checked=false, scrollable=false, selected=false, class=android.widget.TextView, important-for-accessibility=true, error=}, children=[], clickable=false, enabled=true, focused=false, checked=false, selected=false)], clickable=true, enabled=true, focused=false, checked=false, selected=false), bounds=Bounds(x=68, y=1366, width=945, height=146))
10:12:08.577 [ INFO] maestro.Maestro.tap-HgV9Ck0: Tap aimed via settled hierarchy
10:12:08.580 [ INFO] maestro.Maestro.hierarchyBasedTap-ogj28Uc: Tapping at (540, 1439) using hierarchy based logic for wait
10:12:09.076 [ INFO] maestro.cli.runner.CliConsoleListener.onCommandFinished: Tap on id: login-submit-button COMPLETED
10:12:09.077 [ INFO] maestro.cli.runner.CliConsoleListener.onCommandStart: Assert that id: dashboard-operations-button is visible RUNNING
10:12:11.343 [ INFO] maestro.cli.runner.CliConsoleListener.onCommandFinished: Assert that id: dashboard-operations-button is visible COMPLETED
10:12:11.357 [ INFO] maestro.cli.runner.CliConsoleListener.onCommandStart: Assert that id: dashboard-operations-button is visible RUNNING
10:12:11.525 [ INFO] maestro.cli.runner.CliConsoleListener.onCommandFinished: Assert that id: dashboard-operations-button is visible COMPLETED
10:12:11.526 [ INFO] maestro.cli.runner.CliConsoleListener.onCommandStart: Take screenshot dashboard RUNNING
10:12:11.528 [ INFO] maestro.Maestro.takeScreenshot: Taking screenshot
10:12:11.528 [TRACE] maestro.utils.ScreenshotUtils.takeScreenshot: Taking screenshot to output sink
10:12:11.776 [ INFO] maestro.cli.runner.CliConsoleListener.onCommandFinished: Take screenshot dashboard COMPLETED
10:12:11.777 [ INFO] maestro.cli.runner.CliConsoleListener.onCommandFinished: Run flows/shared-login.yaml COMPLETED
10:12:11.778 [ INFO] maestro.cli.runner.CliConsoleListener.onCommandStart: Assert that id: dashboard-downtime-button is visible RUNNING
10:12:12.473 [ INFO] maestro.cli.runner.CliConsoleListener.onCommandFinished: Assert that id: dashboard-downtime-button is visible COMPLETED
10:12:12.474 [ INFO] maestro.cli.runner.CliConsoleListener.onCommandStart: Start Downtime RUNNING
10:12:12.666 [ INFO] maestro.Maestro.tap-HgV9Ck0: Tapping on element:  UiElement(treeNode=TreeNode(attributes={text=, accessibilityText=Start Downtime, Track and record downtime events, hintText=, ignoreBoundsFiltering=false, resource-id=dashboard-downtime-button, clickable=true, bounds=[56,1804][1024,2077], enabled=true, focused=false, checked=false, scrollable=false, selected=false, class=android.view.ViewGroup, important-for-accessibility=true, error=}, children=[TreeNode(attributes={text=, accessibilityText=, hintText=, ignoreBoundsFiltering=false, resource-id=, clickable=false, bounds=[98,1879][222,2003], enabled=true, focused=false, checked=false, scrollable=false, selected=false, class=android.view.ViewGroup, important-for-accessibility=false, error=}, children=[TreeNode(attributes={text=, accessibilityText=, hintText=, ignoreBoundsFiltering=false, resource-id=, clickable=false, bounds=[132,1913][188,1969], enabled=true, focused=false, checked=false, scrollable=false, selected=false, class=com.horcrux.svg.SvgView, important-for-accessibility=false, error=}, children=[TreeNode(attributes={text=, accessibilityText=, hintText=, ignoreBoundsFiltering=false, resource-id=, clickable=false, bounds=[138,1931][183,1962], enabled=true, focused=false, checked=false, scrollable=false, selected=false, class=com.horcrux.svg.GroupView, important-for-accessibility=false, error=}, children=[TreeNode(attributes={text=, accessibilityText=, hintText=, ignoreBoundsFiltering=false, resource-id=, clickable=false, bounds=[138,1931][183,1962], enabled=true, focused=false, checked=false, scrollable=false, selected=false, class=com.horcrux.svg.PathView, important-for-accessibility=false, error=}, children=[], clickable=false, enabled=true, focused=false, checked=false, selected=false)], clickable=false, enabled=true, focused=false, checked=false, selected=false)], clickable=false, enabled=true, focused=false, checked=false, selected=false)], clickable=false, enabled=true, focused=false, checked=false, selected=false), TreeNode(attributes={text=Start Downtime, accessibilityText=, hintText=, ignoreBoundsFiltering=false, resource-id=, clickable=false, bounds=[261,1846][930,1919], enabled=true, focused=false, checked=false, scrollable=false, selected=false, class=android.widget.TextView, important-for-accessibility=true, error=}, children=[], clickable=false, enabled=true, focused=false, checked=false, selected=false), TreeNode(attributes={text=Track and record downtime events, accessibilityText=, hintText=, ignoreBoundsFiltering=false, resource-id=, clickable=false, bounds=[261,1925][930,2035], enabled=true, focused=false, checked=false, scrollable=false, selected=false, class=android.widget.TextView, important-for-accessibility=true, error=}, children=[], clickable=false, enabled=true, focused=false, checked=false, selected=false), TreeNode(attributes={text=, accessibilityText=, hintText=, ignoreBoundsFiltering=false, resource-id=, clickable=false, bounds=[931,1915][982,1966], enabled=true, focused=false, checked=false, scrollable=false, selected=false, class=com.horcrux.svg.SvgView, important-for-accessibility=false, error=}, children=[TreeNode(attributes={text=, accessibilityText=, hintText=, ignoreBoundsFiltering=false, resource-id=, clickable=false, bounds=[950,1927][963,1953], enabled=true, focused=false, checked=false, scrollable=false, selected=false, class=com.horcrux.svg.GroupView, important-for-accessibility=false, error=}, children=[TreeNode(attributes={text=, accessibilityText=, hintText=, ignoreBoundsFiltering=false, resource-id=, clickable=false, bounds=[950,1927][963,1953], enabled=true, focused=false, checked=false, scrollable=false, selected=false, class=com.horcrux.svg.PathView, important-for-accessibility=false, error=}, children=[], clickable=false, enabled=true, focused=false, checked=false, selected=false)], clickable=false, enabled=true, focused=false, checked=false, selected=false)], clickable=false, enabled=true, focused=false, checked=false, selected=false)], clickable=true, enabled=true, focused=false, checked=false, selected=false), bounds=Bounds(x=56, y=1804, width=968, height=273))
10:12:14.113 [ INFO] maestro.Maestro.tap-HgV9Ck0: Tap aimed via settled hierarchy
10:12:14.115 [ INFO] maestro.Maestro.hierarchyBasedTap-ogj28Uc: Tapping at (540, 1940) using hierarchy based logic for wait
10:12:16.229 [ INFO] maestro.Maestro.hierarchyBasedTap-ogj28Uc: Something has changed in the UI judging by view hierarchy. Proceed.
10:12:16.229 [ INFO] maestro.cli.runner.CliConsoleListener.onCommandFinished: Start Downtime COMPLETED
10:12:16.230 [ INFO] maestro.cli.runner.CliConsoleListener.onCommandStart: Assert that id: downtime-reason-lunch is visible RUNNING
10:12:16.488 [ INFO] maestro.cli.runner.CliConsoleListener.onCommandFinished: Assert that id: downtime-reason-lunch is visible COMPLETED
10:12:16.488 [ INFO] maestro.cli.runner.CliConsoleListener.onCommandStart: Take screenshot downtime-reasons RUNNING
10:12:16.490 [ INFO] maestro.Maestro.takeScreenshot: Taking screenshot
10:12:16.491 [TRACE] maestro.utils.ScreenshotUtils.takeScreenshot: Taking screenshot to output sink
10:12:16.825 [ INFO] maestro.cli.runner.CliConsoleListener.onCommandFinished: Take screenshot downtime-reasons COMPLETED
10:12:16.827 [ INFO] maestro.cli.runner.CliConsoleListener.onCommandStart: Pick reason Lunch RUNNING
10:12:17.471 [ INFO] maestro.Maestro.tap-HgV9Ck0: Tapping on element:  UiElement(treeNode=TreeNode(attributes={text=, accessibilityText=Lunch, hintText=, ignoreBoundsFiltering=false, resource-id=downtime-reason-lunch, clickable=true, bounds=[56,772][360,1002], enabled=true, focused=false, checked=false, scrollable=false, selected=false, class=android.view.ViewGroup, important-for-accessibility=true, error=}, children=[TreeNode(attributes={text=, accessibilityText=, hintText=, ignoreBoundsFiltering=false, resource-id=, clickable=false, bounds=[171,848][244,921], enabled=true, focused=false, checked=false, scrollable=false, selected=false, class=android.widget.ImageView, important-for-accessibility=true, error=}, children=[], clickable=false, enabled=true, focused=false, checked=false, selected=false), TreeNode(attributes={text=Lunch, accessibilityText=, hintText=, ignoreBoundsFiltering=false, resource-id=, clickable=false, bounds=[152,944][264,1000], enabled=true, focused=false, checked=false, scrollable=false, selected=false, class=android.widget.TextView, important-for-accessibility=true, error=}, children=[], clickable=false, enabled=true, focused=false, checked=false, selected=false)], clickable=true, enabled=true, focused=false, checked=false, selected=false), bounds=Bounds(x=56, y=772, width=304, height=230))
10:12:19.451 [ INFO] maestro.Maestro.tap-HgV9Ck0: Tap aimed via settled hierarchy
10:12:19.453 [ INFO] maestro.Maestro.hierarchyBasedTap-ogj28Uc: Tapping at (208, 887) using hierarchy based logic for wait
10:12:21.005 [ INFO] maestro.Maestro.hierarchyBasedTap-ogj28Uc: Something has changed in the UI judging by view hierarchy. Proceed.
10:12:21.005 [ INFO] maestro.cli.runner.CliConsoleListener.onCommandFinished: Pick reason Lunch COMPLETED
10:12:21.006 [ INFO] maestro.cli.runner.CliConsoleListener.onCommandStart: Assert that id: active-downtime-end-button is visible RUNNING
10:12:21.217 [ INFO] maestro.cli.runner.CliConsoleListener.onCommandFinished: Assert that id: active-downtime-end-button is visible COMPLETED
10:12:21.218 [ INFO] maestro.cli.runner.CliConsoleListener.onCommandStart: Take screenshot active-downtime RUNNING
10:12:21.220 [ INFO] maestro.Maestro.takeScreenshot: Taking screenshot
10:12:21.220 [TRACE] maestro.utils.ScreenshotUtils.takeScreenshot: Taking screenshot to output sink
10:12:21.508 [ INFO] maestro.cli.runner.CliConsoleListener.onCommandFinished: Take screenshot active-downtime COMPLETED
10:12:21.509 [ INFO] maestro.cli.runner.CliConsoleListener.onCommandStart: End downtime event RUNNING
10:12:21.737 [ INFO] maestro.Maestro.tap-HgV9Ck0: Tapping on element:  UiElement(treeNode=TreeNode(attributes={text=, accessibilityText=End downtime event, hintText=, ignoreBoundsFiltering=false, resource-id=active-downtime-end-button, clickable=true, bounds=[56,1380][1024,1504], enabled=true, focused=false, checked=false, scrollable=false, selected=false, class=android.widget.Button, important-for-accessibility=true, error=}, children=[TreeNode(attributes={text=End downtime event, accessibilityText=, hintText=, ignoreBoundsFiltering=false, resource-id=, clickable=false, bounds=[308,1412][771,1471], enabled=true, focused=false, checked=false, scrollable=false, selected=false, class=android.widget.TextView, important-for-accessibility=true, error=}, children=[], clickable=false, enabled=true, focused=false, checked=false, selected=false)], clickable=true, enabled=true, focused=false, checked=false, selected=false), bounds=Bounds(x=56, y=1380, width=968, height=124))
10:12:27.952 [ INFO] maestro.Maestro.tap-HgV9Ck0: Tap aimed via settled hierarchy
10:12:27.954 [ INFO] maestro.Maestro.hierarchyBasedTap-ogj28Uc: Tapping at (540, 1442) using hierarchy based logic for wait
10:12:29.538 [ INFO] maestro.Maestro.hierarchyBasedTap-ogj28Uc: Something has changed in the UI judging by view hierarchy. Proceed.
10:12:29.539 [ INFO] maestro.cli.runner.CliConsoleListener.onCommandFinished: End downtime event COMPLETED
10:12:29.539 [ INFO] maestro.cli.runner.CliConsoleListener.onCommandStart: Assert that id: downtime-summary-done-button is visible RUNNING
10:12:29.778 [ INFO] maestro.cli.runner.CliConsoleListener.onCommandFinished: Assert that id: downtime-summary-done-button is visible COMPLETED
10:12:29.780 [ INFO] maestro.cli.runner.CliConsoleListener.onCommandStart: Assert that "Session complete" is visible RUNNING
10:12:29.987 [ INFO] maestro.cli.runner.CliConsoleListener.onCommandFinished: Assert that "Session complete" is visible COMPLETED
10:12:29.987 [ INFO] maestro.cli.runner.CliConsoleListener.onCommandStart: Take screenshot final-state RUNNING
10:12:29.989 [ INFO] maestro.Maestro.takeScreenshot: Taking screenshot
10:12:29.990 [TRACE] maestro.utils.ScreenshotUtils.takeScreenshot: Taking screenshot to output sink
10:12:30.277 [ INFO] maestro.cli.runner.CliConsoleListener.onCommandFinished: Take screenshot final-state COMPLETED
