10:07:49.225 [ INFO] maestro.cli.runner.CliConsoleListener.onCommandStart: Define variables RUNNING
10:07:49.230 [ INFO] maestro.cli.runner.CliConsoleListener.onCommandFinished: Define variables COMPLETED
10:07:49.231 [ INFO] maestro.cli.runner.CliConsoleListener.onCommandStart: Apply configuration RUNNING
10:07:49.231 [ INFO] maestro.cli.runner.CliConsoleListener.onCommandFinished: Apply configuration COMPLETED
10:07:49.231 [ INFO] maestro.cli.runner.CliConsoleListener.onCommandStart: Launch app "com.flowmobile" with clear state (launch arguments: {MAESTRO_TEST_MODE=true, MAESTRO_API_URL=http://192.168.0.138:8000}) RUNNING
10:07:49.232 [ INFO] maestro.Maestro.clearAppState$lambda$8: Clearing app state com.flowmobile
10:07:59.850 [DEBUG] maestro.Maestro.setPermissionInternal: Failed to set permission android.hardware.usb.UsbAccessory for app com.flowmobile: shell command failed (exit -1): 
Exception occurred while executing 'grant':
java.lang.IllegalArgumentException: Unknown permission android.hardware.usb.UsbAccessory
	at com.android.server.permission.access.permission.PermissionService.access$setRuntimePermissionGranted(qb/97281722 7c90224ff0d416aeb6cb4424c691e44226b4b42fba9bad6a8d455ec1073db6ed:47)
	at com.android.server.permission.access.permission.PermissionService.setRuntimePermissionGranted$default(qb/97281722 7c90224ff0d416aeb6cb4424c691e44226b4b42fba9bad6a8d455ec1073db6ed:293)
	at com.android.server.permission.access.permission.PermissionService.grantRuntimePermission(qb/97281722 7c90224ff0d416aeb6cb4424c691e44226b4b42fba9bad6a8d455ec1073db6ed:11)
	at com.android.server.pm.permission.PermissionManagerService.grantRuntimePermission(qb/97281722 7c90224ff0d416aeb6cb4424c691e44226b4b42fba9bad6a8d455ec1073db6ed:3)
	at android.permission.PermissionManager.grantRuntimePermissionInternal(PermissionManager.java:681)
	at android.permission.PermissionManager.grantRuntimePermission(PermissionManager.java:644)
	at com.android.server.pm.PackageManagerShellCommand.runGrantRevokePermission(qb/97281722 7c90224ff0d416aeb6cb4424c691e44226b4b42fba9bad6a8d455ec1073db6ed:258)
	at com.android.server.pm.PackageManagerShellCommand.onCommand(qb/97281722 7c90224ff0d416aeb6cb4424c691e44226b4b42fba9bad6a8d455ec1073db6ed:1700)
	at com.android.modules.utils.BasicShellCommandHandler.exec(BasicShellCommandHandler.java:97)
	at android.os.ShellCommand.exec(ShellCommand.java:38)
	at com.android.server.pm.PackageManagerService$IPackageManagerImpl.onShellCommand(qb/97281722 7c90224ff0d416aeb6cb4424c691e44226b4b42fba9bad6a8d455ec1073db6ed:23)
	at android.os.Binder.shellCommand(Binder.java:1266)
	at android.os.Binder.onTransact(Binder.java:1069)
	at android.content.pm.IPackageManager$Stub.onTransact(IPackageManager.java:5172)
	at com.android.server.pm.PackageManagerService$IPackageManagerImpl.onTransact(qb/97281722 7c90224ff0d416aeb6cb4424c691e44226b4b42fba9bad6a8d455ec1073db6ed:1)
	at android.os.Binder.execTransactInternal(Binder.java:1541)
	at android.os.Binder.execTransact(Binder.java:1480)

10:08:00.138 [ INFO] maestro.Maestro.launchApp$lambda$5: Launching app com.flowmobile
10:08:00.144 [ INFO] maestro.Maestro.launchApp$lambda$5: Stopping com.flowmobile app during launch
10:08:00.418 [ INFO] maestro.cli.runner.CliConsoleListener.onCommandFinished: Launch app "com.flowmobile" with clear state (launch arguments: {MAESTRO_TEST_MODE=true, MAESTRO_API_URL=http://192.168.0.138:8000}) COMPLETED
10:08:00.419 [ INFO] maestro.cli.runner.CliConsoleListener.onCommandStart: Take screenshot start RUNNING
10:08:00.424 [ INFO] maestro.Maestro.takeScreenshot: Taking screenshot
10:08:00.428 [TRACE] maestro.utils.ScreenshotUtils.takeScreenshot: Taking screenshot to output sink
10:08:00.976 [ INFO] maestro.cli.runner.CliConsoleListener.onCommandFinished: Take screenshot start COMPLETED
10:08:00.977 [ INFO] maestro.cli.runner.CliConsoleListener.onCommandStart: Run flows/shared-login.yaml RUNNING
10:08:00.986 [ INFO] maestro.cli.runner.CliConsoleListener.onCommandStart: Define variables RUNNING
10:08:00.986 [ INFO] maestro.cli.runner.CliConsoleListener.onCommandFinished: Define variables COMPLETED
10:08:00.988 [ INFO] maestro.cli.runner.CliConsoleListener.onCommandStart: Apply configuration RUNNING
10:08:00.988 [ INFO] maestro.cli.runner.CliConsoleListener.onCommandFinished: Apply configuration COMPLETED
10:08:00.990 [ INFO] maestro.cli.runner.CliConsoleListener.onCommandStart: Tap on (Optional) "Later" RUNNING
10:08:08.496 [ INFO] maestro.orchestra.Orchestra.executeSubflowCommands: [Command execution subflow] CommandWarned: Element not found: Text matching regex: Later
10:08:08.720 [ INFO] maestro.Maestro.takeScreenshot: Taking screenshot
10:08:08.720 [TRACE] maestro.utils.ScreenshotUtils.takeScreenshot: Taking screenshot to output sink
10:08:08.931 [ INFO] maestro.cli.runner.CliConsoleListener.onCommandFinished: Tap on (Optional) "Later" WARNED
10:08:08.934 [ INFO] maestro.cli.runner.CliConsoleListener.onCommandStart: Assert that id: login-username-input is visible RUNNING
10:08:11.428 [ INFO] maestro.cli.runner.CliConsoleListener.onCommandFinished: Assert that id: login-username-input is visible COMPLETED
10:08:11.429 [ INFO] maestro.cli.runner.CliConsoleListener.onCommandStart: Take screenshot login-screen RUNNING
10:08:11.429 [ INFO] maestro.Maestro.takeScreenshot: Taking screenshot
10:08:11.429 [TRACE] maestro.utils.ScreenshotUtils.takeScreenshot: Taking screenshot to output sink
10:08:11.672 [ INFO] maestro.cli.runner.CliConsoleListener.onCommandFinished: Take screenshot login-screen COMPLETED
10:08:11.672 [ INFO] maestro.cli.runner.CliConsoleListener.onCommandStart: Tap on id: login-username-input RUNNING
10:08:11.927 [ INFO] maestro.Maestro.tap-HgV9Ck0: Tapping on element:  UiElement(treeNode=TreeNode(attributes={text=, accessibilityText=, hintText=Enter your username, ignoreBoundsFiltering=false, resource-id=login-username-input, clickable=true, bounds=[110,889][970,1034], enabled=true, focused=false, checked=false, scrollable=false, selected=false, class=android.widget.EditText, important-for-accessibility=true, error=}, children=[], clickable=true, enabled=true, focused=false, checked=false, selected=false), bounds=Bounds(x=110, y=889, width=860, height=145))
10:08:13.665 [ INFO] maestro.Maestro.tap-HgV9Ck0: Tap aimed via settled hierarchy
10:08:13.675 [ INFO] maestro.Maestro.hierarchyBasedTap-ogj28Uc: Tapping at (540, 961) using hierarchy based logic for wait
10:08:15.330 [ INFO] maestro.Maestro.hierarchyBasedTap-ogj28Uc: Something has changed in the UI judging by view hierarchy. Proceed.
10:08:15.330 [ INFO] maestro.cli.runner.CliConsoleListener.onCommandFinished: Tap on id: login-username-input COMPLETED
10:08:15.331 [ INFO] maestro.cli.runner.CliConsoleListener.onCommandStart: Input text ${TEST_USERNAME}¬ RUNNING
10:08:15.707 [ INFO] maestro.Maestro.inputText: Inputting text: neato-tester-local¬
10:08:18.437 [ INFO] maestro.cli.runner.CliConsoleListener.onCommandFinished: Input text ${TEST_USERNAME}¬ COMPLETED
10:08:18.438 [ INFO] maestro.cli.runner.CliConsoleListener.onCommandStart: Erase 1 characters RUNNING
10:08:18.441 [ INFO] maestro.Maestro.eraseText$lambda$52: Erasing 1 characters
10:08:19.746 [ INFO] maestro.cli.runner.CliConsoleListener.onCommandFinished: Erase 1 characters COMPLETED
10:08:19.746 [ INFO] maestro.cli.runner.CliConsoleListener.onCommandStart: Tap on id: login-password-input RUNNING
10:08:20.075 [ INFO] maestro.Maestro.tap-HgV9Ck0: Tapping on element:  UiElement(treeNode=TreeNode(attributes={text=, accessibilityText=, hintText=Enter your password, ignoreBoundsFiltering=false, resource-id=login-password-input, clickable=true, bounds=[110,797][897,943], enabled=true, focused=false, checked=false, scrollable=false, selected=false, class=android.widget.EditText, important-for-accessibility=true, error=}, children=[], clickable=true, enabled=true, focused=false, checked=false, selected=false), bounds=Bounds(x=110, y=797, width=787, height=146))
10:08:21.650 [ INFO] maestro.Maestro.tap-HgV9Ck0: Tap aimed via settled hierarchy
10:08:21.653 [ INFO] maestro.Maestro.hierarchyBasedTap-ogj28Uc: Tapping at (503, 870) using hierarchy based logic for wait
10:08:23.182 [ INFO] maestro.Maestro.hierarchyBasedTap-ogj28Uc: Something has changed in the UI judging by view hierarchy. Proceed.
10:08:23.182 [ INFO] maestro.cli.runner.CliConsoleListener.onCommandFinished: Tap on id: login-password-input COMPLETED
10:08:23.183 [ INFO] maestro.cli.runner.CliConsoleListener.onCommandStart: Input text ${TEST_PASSWORD}¬ RUNNING
10:08:23.202 [ INFO] maestro.Maestro.inputText: Inputting text: Test1234!¬
10:08:26.619 [ INFO] maestro.cli.runner.CliConsoleListener.onCommandFinished: Input text ${TEST_PASSWORD}¬ COMPLETED
10:08:26.620 [ INFO] maestro.cli.runner.CliConsoleListener.onCommandStart: Erase 1 characters RUNNING
10:08:26.620 [ INFO] maestro.Maestro.eraseText$lambda$52: Erasing 1 characters
10:08:27.839 [ INFO] maestro.cli.runner.CliConsoleListener.onCommandFinished: Erase 1 characters COMPLETED
10:08:27.839 [ INFO] maestro.cli.runner.CliConsoleListener.onCommandStart: Hide Keyboard RUNNING
10:08:27.844 [ INFO] maestro.Maestro.hideKeyboard$lambda$12: Hiding Keyboard
10:08:29.420 [ INFO] maestro.cli.runner.CliConsoleListener.onCommandFinished: Hide Keyboard COMPLETED
10:08:29.422 [ INFO] maestro.cli.runner.CliConsoleListener.onCommandStart: Tap on id: login-submit-button RUNNING
10:08:29.629 [ INFO] maestro.Maestro.tap-HgV9Ck0: Tapping on element:  UiElement(treeNode=TreeNode(attributes={text=, accessibilityText=Log in, hintText=, ignoreBoundsFiltering=false, resource-id=login-submit-button, clickable=true, bounds=[68,1366][1013,1512], enabled=true, focused=false, checked=false, scrollable=false, selected=false, class=android.widget.Button, important-for-accessibility=true, error=}, children=[TreeNode(attributes={text=Log in, accessibilityText=, hintText=, ignoreBoundsFiltering=false, resource-id=, clickable=false, bounds=[468,1408][614,1470], enabled=true, focused=false, checked=false, scrollable=false, selected=false, class=android.widget.TextView, important-for-accessibility=true, error=}, children=[], clickable=false, enabled=true, focused=false, checked=false, selected=false)], clickable=true, enabled=true, focused=false, checked=false, selected=false), bounds=Bounds(x=68, y=1366, width=945, height=146))
10:08:32.179 [ INFO] maestro.Maestro.tap-HgV9Ck0: Tap aimed via settled hierarchy
10:08:32.180 [ INFO] maestro.Maestro.hierarchyBasedTap-ogj28Uc: Tapping at (540, 1439) using hierarchy based logic for wait
10:08:32.733 [ INFO] maestro.cli.runner.CliConsoleListener.onCommandFinished: Tap on id: login-submit-button COMPLETED
10:08:32.733 [ INFO] maestro.cli.runner.CliConsoleListener.onCommandStart: Assert that id: dashboard-operations-button is visible RUNNING
10:08:34.704 [ INFO] maestro.cli.runner.CliConsoleListener.onCommandFinished: Assert that id: dashboard-operations-button is visible COMPLETED
10:08:34.705 [ INFO] maestro.cli.runner.CliConsoleListener.onCommandStart: Assert that id: dashboard-operations-button is visible RUNNING
10:08:34.846 [ INFO] maestro.cli.runner.CliConsoleListener.onCommandFinished: Assert that id: dashboard-operations-button is visible COMPLETED
10:08:34.846 [ INFO] maestro.cli.runner.CliConsoleListener.onCommandStart: Take screenshot dashboard RUNNING
10:08:34.849 [ INFO] maestro.Maestro.takeScreenshot: Taking screenshot
10:08:34.850 [TRACE] maestro.utils.ScreenshotUtils.takeScreenshot: Taking screenshot to output sink
10:08:35.055 [ INFO] maestro.cli.runner.CliConsoleListener.onCommandFinished: Take screenshot dashboard COMPLETED
10:08:35.056 [ INFO] maestro.cli.runner.CliConsoleListener.onCommandFinished: Run flows/shared-login.yaml COMPLETED
10:08:35.056 [ INFO] maestro.cli.runner.CliConsoleListener.onCommandStart: Run flows/navigate-to-operation.yaml RUNNING
10:08:35.057 [ INFO] maestro.cli.runner.CliConsoleListener.onCommandStart: Define variables RUNNING
10:08:35.058 [ INFO] maestro.cli.runner.CliConsoleListener.onCommandFinished: Define variables COMPLETED
10:08:35.059 [ INFO] maestro.cli.runner.CliConsoleListener.onCommandStart: Apply configuration RUNNING
10:08:35.059 [ INFO] maestro.cli.runner.CliConsoleListener.onCommandFinished: Apply configuration COMPLETED
10:08:35.059 [ INFO] maestro.cli.runner.CliConsoleListener.onCommandStart: Assert that "DASHBOARD" is visible RUNNING
10:08:35.412 [ INFO] maestro.cli.runner.CliConsoleListener.onCommandFinished: Assert that "DASHBOARD" is visible COMPLETED
10:08:35.412 [ INFO] maestro.cli.runner.CliConsoleListener.onCommandStart: Tap on id: dashboard-operations-button RUNNING
10:08:35.724 [ INFO] maestro.Maestro.tap-HgV9Ck0: Tapping on element:  UiElement(treeNode=TreeNode(attributes={text=, accessibilityText=Operations, Packing, receiving, QC, picking, outbound, hintText=, ignoreBoundsFiltering=false, resource-id=dashboard-operations-button, clickable=true, bounds=[56,540][1024,813], enabled=true, focused=false, checked=false, scrollable=false, selected=false, class=android.view.ViewGroup, important-for-accessibility=true, error=}, children=[TreeNode(attributes={text=, accessibilityText=, hintText=, ignoreBoundsFiltering=false, resource-id=, clickable=false, bounds=[98,615][222,739], enabled=true, focused=false, checked=false, scrollable=false, selected=false, class=android.view.ViewGroup, important-for-accessibility=false, error=}, children=[TreeNode(attributes={text=, accessibilityText=, hintText=, ignoreBoundsFiltering=false, resource-id=, clickable=false, bounds=[132,649][188,705], enabled=true, focused=false, checked=false, scrollable=false, selected=false, class=com.horcrux.svg.SvgView, important-for-accessibility=false, error=}, children=[TreeNode(attributes={text=, accessibilityText=, hintText=, ignoreBoundsFiltering=false, resource-id=, clickable=false, bounds=[135,653][184,701], enabled=true, focused=false, checked=false, scrollable=false, selected=false, class=com.horcrux.svg.GroupView, important-for-accessibility=false, error=}, children=[TreeNode(attributes={text=, accessibilityText=, hintText=, ignoreBoundsFiltering=false, resource-id=, clickable=false, bounds=[135,653][184,678], enabled=true, focused=false, checked=false, scrollable=false, selected=false, class=com.horcrux.svg.PathView, important-for-accessibility=false, error=}, children=[], clickable=false, enabled=true, focused=false, checked=false, selected=false), TreeNode(attributes={text=, accessibilityText=, hintText=, ignoreBoundsFiltering=false, resource-id=, clickable=false, bounds=[136,676][183,689], enabled=true, focused=false, checked=false, scrollable=false, selected=false, class=com.horcrux.svg.PathView, important-for-accessibility=false, error=}, children=[], clickable=false, enabled=true, focused=false, checked=false, selected=false), TreeNode(attributes={text=, accessibilityText=, hintText=, ignoreBoundsFiltering=false, resource-id=, clickable=false, bounds=[136,688][183,701], enabled=true, focused=false, checked=false, scrollable=false, selected=false, class=com.horcrux.svg.PathView, important-for-accessibility=false, error=}, children=[], clickable=false, enabled=true, focused=false, checked=false, selected=false)], clickable=false, enabled=true, focused=false, checked=false, selected=false)], clickable=false, enabled=true, focused=false, checked=false, selected=false)], clickable=false, enabled=true, focused=false, checked=false, selected=false), TreeNode(attributes={text=Operations, accessibilityText=, hintText=, ignoreBoundsFiltering=false, resource-id=, clickable=false, bounds=[261,582][930,655], enabled=true, focused=false, checked=false, scrollable=false, selected=false, class=android.widget.TextView, important-for-accessibility=true, error=}, children=[], clickable=false, enabled=true, focused=false, checked=false, selected=false), TreeNode(attributes={text=Packing, receiving, QC, picking, outbound, accessibilityText=, hintText=, ignoreBoundsFiltering=false, resource-id=, clickable=false, bounds=[261,661][930,771], enabled=true, focused=false, checked=false, scrollable=false, selected=false, class=android.widget.TextView, important-for-accessibility=true, error=}, children=[], clickable=false, enabled=true, focused=false, checked=false, selected=false), TreeNode(attributes={text=, accessibilityText=, hintText=, ignoreBoundsFiltering=false, resource-id=, clickable=false, bounds=[931,651][982,702], enabled=true, focused=false, checked=false, scrollable=false, selected=false, class=com.horcrux.svg.SvgView, important-for-accessibility=false, error=}, children=[TreeNode(attributes={text=, accessibilityText=, hintText=, ignoreBoundsFiltering=false, resource-id=, clickable=false, bounds=[950,663][963,689], enabled=true, focused=false, checked=false, scrollable=false, selected=false, class=com.horcrux.svg.GroupView, important-for-accessibility=false, error=}, children=[TreeNode(attributes={text=, accessibilityText=, hintText=, ignoreBoundsFiltering=false, resource-id=, clickable=false, bounds=[950,663][963,689], enabled=true, focused=false, checked=false, scrollable=false, selected=false, class=com.horcrux.svg.PathView, important-for-accessibility=false, error=}, children=[], clickable=false, enabled=true, focused=false, checked=false, selected=false)], clickable=false, enabled=true, focused=false, checked=false, selected=false)], clickable=false, enabled=true, focused=false, checked=false, selected=false)], clickable=true, enabled=true, focused=false, checked=false, selected=false), bounds=Bounds(x=56, y=540, width=968, height=273))
10:08:37.163 [ INFO] maestro.Maestro.tap-HgV9Ck0: Tap aimed via settled hierarchy
10:08:37.165 [ INFO] maestro.Maestro.hierarchyBasedTap-ogj28Uc: Tapping at (540, 676) using hierarchy based logic for wait
10:08:38.925 [ INFO] maestro.Maestro.hierarchyBasedTap-ogj28Uc: Something has changed in the UI judging by view hierarchy. Proceed.
10:08:38.927 [ INFO] maestro.cli.runner.CliConsoleListener.onCommandFinished: Tap on id: dashboard-operations-button COMPLETED
10:08:38.927 [ INFO] maestro.cli.runner.CliConsoleListener.onCommandStart: Assert that "OPERATIONS" is visible RUNNING
10:08:39.264 [ INFO] maestro.cli.runner.CliConsoleListener.onCommandFinished: Assert that "OPERATIONS" is visible COMPLETED
10:08:39.264 [ INFO] maestro.cli.runner.CliConsoleListener.onCommandStart: Take screenshot operations-landing RUNNING
10:08:39.266 [ INFO] maestro.Maestro.takeScreenshot: Taking screenshot
10:08:39.266 [TRACE] maestro.utils.ScreenshotUtils.takeScreenshot: Taking screenshot to output sink
10:08:39.591 [ INFO] maestro.cli.runner.CliConsoleListener.onCommandFinished: Take screenshot operations-landing COMPLETED
10:08:39.592 [ INFO] maestro.cli.runner.CliConsoleListener.onCommandStart: Scroll vertically RUNNING
10:08:39.595 [ INFO] maestro.Maestro.scrollVertical: Scrolling vertically
10:08:40.980 [ INFO] maestro.cli.runner.CliConsoleListener.onCommandFinished: Scroll vertically COMPLETED
10:08:40.980 [ INFO] maestro.cli.runner.CliConsoleListener.onCommandStart: Tap on id: operations-${operation}-button RUNNING
10:08:41.158 [ INFO] maestro.Maestro.tap-HgV9Ck0: Tapping on element:  UiElement(treeNode=TreeNode(attributes={text=, accessibilityText=Outbound, Stage, load & ship trucks, hintText=, ignoreBoundsFiltering=false, resource-id=operations-outbound-button, clickable=true, bounds=[56,1019][1024,1242], enabled=true, focused=false, checked=false, scrollable=false, selected=false, class=android.view.ViewGroup, important-for-accessibility=true, error=}, children=[TreeNode(attributes={text=, accessibilityText=, hintText=, ignoreBoundsFiltering=false, resource-id=, clickable=false, bounds=[98,1069][222,1193], enabled=true, focused=false, checked=false, scrollable=false, selected=false, class=android.view.ViewGroup, important-for-accessibility=false, error=}, children=[TreeNode(attributes={text=, accessibilityText=, hintText=, ignoreBoundsFiltering=false, resource-id=, clickable=false, bounds=[132,1103][188,1159], enabled=true, focused=false, checked=false, scrollable=false, selected=false, class=com.horcrux.svg.SvgView, important-for-accessibility=false, error=}, children=[TreeNode(attributes={text=, accessibilityText=, hintText=, ignoreBoundsFiltering=false, resource-id=, clickable=false, bounds=[136,1112][183,1150], enabled=true, focused=false, checked=false, scrollable=false, selected=false, class=com.horcrux.svg.GroupView, important-for-accessibility=false, error=}, children=[TreeNode(attributes={text=, accessibilityText=, hintText=, ignoreBoundsFiltering=false, resource-id=, clickable=false, bounds=[136,1112][164,1145], enabled=true, focused=false, checked=false, scrollable=false, selected=false, class=com.horcrux.svg.PathView, important-for-accessibility=false, error=}, children=[], clickable=false, enabled=true, focused=false, checked=false, selected=false), TreeNode(attributes={text=, accessibilityText=, hintText=, ignoreBoundsFiltering=false, resource-id=, clickable=false, bounds=[143,1140][153,1150], enabled=true, focused=false, checked=false, scrollable=false, selected=false, class=com.horcrux.svg.CircleView, important-for-accessibility=false, error=}, children=[], clickable=false, enabled=true, focused=false, checked=false, selected=false), TreeNode(attributes={text=, accessibilityText=, hintText=, ignoreBoundsFiltering=false, resource-id=, clickable=false, bounds=[164,1121][183,1145], enabled=true, focused=false, checked=false, scrollable=false, selected=false, class=com.horcrux.svg.PathView, important-for-accessibility=false, error=}, children=[], clickable=false, enabled=true, focused=false, checked=false, selected=false), TreeNode(attributes={text=, accessibilityText=, hintText=, ignoreBoundsFiltering=false, resource-id=, clickable=false, bounds=[167,1140][177,1150], enabled=true, focused=false, checked=false, scrollable=false, selected=false, class=com.horcrux.svg.CircleView, important-for-accessibility=false, error=}, children=[], clickable=false, enabled=true, focused=false, checked=false, selected=false)], clickable=false, enabled=true, focused=false, checked=false, selected=false)], clickable=false, enabled=true, focused=false, checked=false, selected=false)], clickable=false, enabled=true, focused=false, checked=false, selected=false), TreeNode(attributes={text=Outbound, accessibilityText=, hintText=, ignoreBoundsFiltering=false, resource-id=, clickable=false, bounds=[261,1061][930,1134], enabled=true, focused=false, checked=false, scrollable=false, selected=false, class=android.widget.TextView, important-for-accessibility=true, error=}, children=[], clickable=false, enabled=true, focused=false, checked=false, selected=false), TreeNode(attributes={text=Stage, load & ship trucks, accessibilityText=, hintText=, ignoreBoundsFiltering=false, resource-id=, clickable=false, bounds=[261,1140][930,1200], enabled=true, focused=false, checked=false, scrollable=false, selected=false, class=android.widget.TextView, important-for-accessibility=true, error=}, children=[], clickable=false, enabled=true, focused=false, checked=false, selected=false), TreeNode(attributes={text=, accessibilityText=, hintText=, ignoreBoundsFiltering=false, resource-id=, clickable=false, bounds=[931,1105][982,1155], enabled=true, focused=false, checked=false, scrollable=false, selected=false, class=com.horcrux.svg.SvgView, important-for-accessibility=false, error=}, children=[TreeNode(attributes={text=, accessibilityText=, hintText=, ignoreBoundsFiltering=false, resource-id=, clickable=false, bounds=[950,1117][963,1142], enabled=true, focused=false, checked=false, scrollable=false, selected=false, class=com.horcrux.svg.GroupView, important-for-accessibility=false, error=}, children=[TreeNode(attributes={text=, accessibilityText=, hintText=, ignoreBoundsFiltering=false, resource-id=, clickable=false, bounds=[950,1117][963,1142], enabled=true, focused=false, checked=false, scrollable=false, selected=false, class=com.horcrux.svg.PathView, important-for-accessibility=false, error=}, children=[], clickable=false, enabled=true, focused=false, checked=false, selected=false)], clickable=false, enabled=true, focused=false, checked=false, selected=false)], clickable=false, enabled=true, focused=false, checked=false, selected=false)], clickable=true, enabled=true, focused=false, checked=false, selected=false), bounds=Bounds(x=56, y=1019, width=968, height=223))
10:08:42.630 [ INFO] maestro.Maestro.tap-HgV9Ck0: Tap aimed via settled hierarchy
10:08:42.632 [ INFO] maestro.Maestro.hierarchyBasedTap-ogj28Uc: Tapping at (540, 1130) using hierarchy based logic for wait
10:08:44.836 [ INFO] maestro.Maestro.hierarchyBasedTap-ogj28Uc: Something has changed in the UI judging by view hierarchy. Proceed.
10:08:44.837 [ INFO] maestro.cli.runner.CliConsoleListener.onCommandFinished: Tap on id: operations-${operation}-button COMPLETED
10:08:44.838 [ INFO] maestro.cli.runner.CliConsoleListener.onCommandStart: Wait for animation to end RUNNING
10:08:44.842 [ INFO] maestro.Maestro.waitForAnimationToEnd$lambda$53: Waiting for animation to end with timeout 15000
10:08:44.845 [TRACE] maestro.utils.ScreenshotUtils.takeScreenshot: Taking screenshot to byte array
10:08:44.845 [TRACE] maestro.utils.ScreenshotUtils.takeScreenshot: Taking screenshot to output sink
10:08:45.263 [TRACE] maestro.utils.ScreenshotUtils.takeScreenshot: Taking screenshot to byte array
10:08:45.263 [TRACE] maestro.utils.ScreenshotUtils.takeScreenshot: Taking screenshot to output sink
10:08:45.762 [ INFO] maestro.cli.runner.CliConsoleListener.onCommandFinished: Wait for animation to end COMPLETED
10:08:45.762 [ INFO] maestro.cli.runner.CliConsoleListener.onCommandStart: Take screenshot operation-${operation} RUNNING
10:08:45.765 [ INFO] maestro.Maestro.takeScreenshot: Taking screenshot
10:08:45.765 [TRACE] maestro.utils.ScreenshotUtils.takeScreenshot: Taking screenshot to output sink
10:08:46.065 [ INFO] maestro.cli.runner.CliConsoleListener.onCommandFinished: Take screenshot operation-${operation} COMPLETED
10:08:46.067 [ INFO] maestro.cli.runner.CliConsoleListener.onCommandFinished: Run flows/navigate-to-operation.yaml COMPLETED
10:08:46.068 [ INFO] maestro.cli.runner.CliConsoleListener.onCommandStart: Assert that "Outbound" is visible RUNNING
10:08:46.478 [ INFO] maestro.cli.runner.CliConsoleListener.onCommandFinished: Assert that "Outbound" is visible COMPLETED
10:08:46.479 [ INFO] maestro.cli.runner.CliConsoleListener.onCommandStart: Take screenshot outbound-landing RUNNING
10:08:46.479 [ INFO] maestro.Maestro.takeScreenshot: Taking screenshot
10:08:46.480 [TRACE] maestro.utils.ScreenshotUtils.takeScreenshot: Taking screenshot to output sink
10:08:46.767 [ INFO] maestro.cli.runner.CliConsoleListener.onCommandFinished: Take screenshot outbound-landing COMPLETED
10:08:46.767 [ INFO] maestro.cli.runner.CliConsoleListener.onCommandStart: Tap on "Create Outbound Pallet" RUNNING
10:08:47.130 [ INFO] maestro.Maestro.tap-HgV9Ck0: Tapping on element:  UiElement(treeNode=TreeNode(attributes={text=Create Outbound Pallet, accessibilityText=, hintText=, ignoreBoundsFiltering=false, resource-id=, clickable=false, bounds=[261,894][930,967], enabled=true, focused=false, checked=false, scrollable=false, selected=false, class=android.widget.TextView, important-for-accessibility=true, error=}, children=[], clickable=false, enabled=true, focused=false, checked=false, selected=false), bounds=Bounds(x=261, y=894, width=669, height=73))
10:08:48.649 [ INFO] maestro.Maestro.tap-HgV9Ck0: Tap aimed via settled hierarchy
10:08:48.652 [ INFO] maestro.Maestro.hierarchyBasedTap-ogj28Uc: Tapping at (595, 930) using hierarchy based logic for wait
10:08:49.443 [ INFO] maestro.cli.runner.CliConsoleListener.onCommandFinished: Tap on "Create Outbound Pallet" COMPLETED
10:08:49.443 [ INFO] maestro.cli.runner.CliConsoleListener.onCommandStart: Assert that "Create outbound pallet" is visible RUNNING
10:08:49.700 [ INFO] maestro.cli.runner.CliConsoleListener.onCommandFinished: Assert that "Create outbound pallet" is visible COMPLETED
10:08:49.702 [ INFO] maestro.cli.runner.CliConsoleListener.onCommandStart: Take screenshot create-outbound-pallet RUNNING
10:08:49.703 [ INFO] maestro.Maestro.takeScreenshot: Taking screenshot
10:08:49.703 [TRACE] maestro.utils.ScreenshotUtils.takeScreenshot: Taking screenshot to output sink
10:08:49.983 [ INFO] maestro.cli.runner.CliConsoleListener.onCommandFinished: Take screenshot create-outbound-pallet COMPLETED
10:08:49.984 [ INFO] maestro.cli.runner.CliConsoleListener.onCommandStart: Tap on id: outbound-plan-input RUNNING
10:08:53.279 [ INFO] maestro.Maestro.tap-HgV9Ck0: Tapping on element:  UiElement(treeNode=TreeNode(attributes={text=, accessibilityText=, hintText=Search active plans, ignoreBoundsFiltering=false, resource-id=outbound-plan-input, clickable=true, bounds=[98,917][982,1063], enabled=true, focused=false, checked=false, scrollable=false, selected=false, class=android.widget.EditText, important-for-accessibility=true, error=}, children=[], clickable=true, enabled=true, focused=false, checked=false, selected=false), bounds=Bounds(x=98, y=917, width=884, height=146))
10:08:54.711 [ INFO] maestro.Maestro.tap-HgV9Ck0: Tap aimed via settled hierarchy
10:08:54.713 [ INFO] maestro.Maestro.hierarchyBasedTap-ogj28Uc: Tapping at (540, 990) using hierarchy based logic for wait
10:08:56.482 [ INFO] maestro.Maestro.hierarchyBasedTap-ogj28Uc: Something has changed in the UI judging by view hierarchy. Proceed.
10:08:56.483 [ INFO] maestro.cli.runner.CliConsoleListener.onCommandFinished: Tap on id: outbound-plan-input COMPLETED
10:08:56.483 [ INFO] maestro.cli.runner.CliConsoleListener.onCommandStart: Input text TEST-OUTBOUND-001¬ RUNNING
10:08:56.483 [ INFO] maestro.Maestro.inputText: Inputting text: TEST-OUTBOUND-001¬
10:08:59.285 [ INFO] maestro.cli.runner.CliConsoleListener.onCommandFinished: Input text TEST-OUTBOUND-001¬ COMPLETED
10:08:59.287 [ INFO] maestro.cli.runner.CliConsoleListener.onCommandStart: Erase 1 characters RUNNING
10:08:59.287 [ INFO] maestro.Maestro.eraseText$lambda$52: Erasing 1 characters
10:09:01.209 [ INFO] maestro.cli.runner.CliConsoleListener.onCommandFinished: Erase 1 characters COMPLETED
10:09:01.211 [ INFO] maestro.cli.runner.CliConsoleListener.onCommandStart: Hide Keyboard RUNNING
10:09:01.211 [ INFO] maestro.Maestro.hideKeyboard$lambda$12: Hiding Keyboard
10:09:02.914 [ INFO] maestro.cli.runner.CliConsoleListener.onCommandFinished: Hide Keyboard COMPLETED
10:09:02.915 [ INFO] maestro.cli.runner.CliConsoleListener.onCommandStart: Assert that id: outbound-plan-row-TEST-OUTBOUND-001 is visible RUNNING
10:09:03.165 [ INFO] maestro.cli.runner.CliConsoleListener.onCommandFinished: Assert that id: outbound-plan-row-TEST-OUTBOUND-001 is visible COMPLETED
10:09:03.167 [ INFO] maestro.cli.runner.CliConsoleListener.onCommandStart: Select shipping plan TEST-OUTBOUND-001 RUNNING
10:09:03.471 [ INFO] maestro.Maestro.tap-HgV9Ck0: Tapping on element:  UiElement(treeNode=TreeNode(attributes={text=, accessibilityText=TEST-OUTBOUND-001, hintText=, ignoreBoundsFiltering=false, resource-id=outbound-plan-row-TEST-OUTBOUND-001, clickable=true, bounds=[59,1119][1021,1251], enabled=true, focused=false, checked=false, scrollable=false, selected=false, class=android.view.ViewGroup, important-for-accessibility=true, error=}, children=[TreeNode(attributes={text=TEST-OUTBOUND-001, accessibilityText=, hintText=, ignoreBoundsFiltering=false, resource-id=, clickable=false, bounds=[104,1153][976,1217], enabled=true, focused=false, checked=false, scrollable=false, selected=false, class=android.widget.TextView, important-for-accessibility=true, error=}, children=[], clickable=false, enabled=true, focused=false, checked=false, selected=false)], clickable=true, enabled=true, focused=false, checked=false, selected=false), bounds=Bounds(x=59, y=1119, width=962, height=132))
10:09:04.899 [ INFO] maestro.Maestro.tap-HgV9Ck0: Tap aimed via settled hierarchy
10:09:04.902 [ INFO] maestro.Maestro.hierarchyBasedTap-ogj28Uc: Tapping at (540, 1185) using hierarchy based logic for wait
10:09:06.368 [ INFO] maestro.Maestro.hierarchyBasedTap-ogj28Uc: Something has changed in the UI judging by view hierarchy. Proceed.
10:09:06.371 [ INFO] maestro.cli.runner.CliConsoleListener.onCommandFinished: Select shipping plan TEST-OUTBOUND-001 COMPLETED
10:09:06.371 [ INFO] maestro.cli.runner.CliConsoleListener.onCommandStart: Assert that id: outbound-arc-input is visible RUNNING
10:09:06.607 [ INFO] maestro.cli.runner.CliConsoleListener.onCommandFinished: Assert that id: outbound-arc-input is visible COMPLETED
10:09:06.608 [ INFO] maestro.cli.runner.CliConsoleListener.onCommandStart: Take screenshot plan-selected RUNNING
10:09:06.609 [ INFO] maestro.Maestro.takeScreenshot: Taking screenshot
10:09:06.610 [TRACE] maestro.utils.ScreenshotUtils.takeScreenshot: Taking screenshot to output sink
10:09:06.899 [ INFO] maestro.cli.runner.CliConsoleListener.onCommandFinished: Take screenshot plan-selected COMPLETED
10:09:06.900 [ INFO] maestro.cli.runner.CliConsoleListener.onCommandStart: Tap on id: outbound-arc-input RUNNING
10:09:07.166 [ INFO] maestro.Maestro.tap-HgV9Ck0: Tapping on element:  UiElement(treeNode=TreeNode(attributes={text=, accessibilityText=, hintText=Search ARCs, ignoreBoundsFiltering=false, resource-id=outbound-arc-input, clickable=true, bounds=[98,1232][982,1378], enabled=true, focused=false, checked=false, scrollable=false, selected=false, class=android.widget.EditText, important-for-accessibility=true, error=}, children=[], clickable=true, enabled=true, focused=false, checked=false, selected=false), bounds=Bounds(x=98, y=1232, width=884, height=146))
10:09:08.579 [ INFO] maestro.Maestro.tap-HgV9Ck0: Tap aimed via settled hierarchy
10:09:08.580 [ INFO] maestro.Maestro.hierarchyBasedTap-ogj28Uc: Tapping at (540, 1305) using hierarchy based logic for wait
10:09:10.233 [ INFO] maestro.Maestro.hierarchyBasedTap-ogj28Uc: Something has changed in the UI judging by view hierarchy. Proceed.
10:09:10.234 [ INFO] maestro.cli.runner.CliConsoleListener.onCommandFinished: Tap on id: outbound-arc-input COMPLETED
10:09:10.235 [ INFO] maestro.cli.runner.CliConsoleListener.onCommandStart: Input text Dest X RUNNING
10:09:10.239 [ INFO] maestro.Maestro.inputText: Inputting text: Dest X
10:09:12.557 [ INFO] maestro.cli.runner.CliConsoleListener.onCommandFinished: Input text Dest X COMPLETED
10:09:12.559 [ INFO] maestro.cli.runner.CliConsoleListener.onCommandStart: Hide Keyboard RUNNING
10:09:12.560 [ INFO] maestro.Maestro.hideKeyboard$lambda$12: Hiding Keyboard
10:09:13.975 [ INFO] maestro.cli.runner.CliConsoleListener.onCommandFinished: Hide Keyboard COMPLETED
10:09:13.975 [ INFO] maestro.cli.runner.CliConsoleListener.onCommandStart: Assert that id: outbound-arc-row-TEST-OUTBOUND-001-Dest-X is visible RUNNING
10:09:14.213 [ INFO] maestro.cli.runner.CliConsoleListener.onCommandFinished: Assert that id: outbound-arc-row-TEST-OUTBOUND-001-Dest-X is visible COMPLETED
10:09:14.213 [ INFO] maestro.cli.runner.CliConsoleListener.onCommandStart: Tap on id: outbound-arc-row-TEST-OUTBOUND-001-Dest-X RUNNING
10:09:14.489 [ INFO] maestro.Maestro.tap-HgV9Ck0: Tapping on element:  UiElement(treeNode=TreeNode(attributes={text=, accessibilityText=TEST-OUTBOUND-001 — Dest X, hintText=, ignoreBoundsFiltering=false, resource-id=outbound-arc-row-TEST-OUTBOUND-001-Dest-X, clickable=true, bounds=[59,1434][1021,1565], enabled=true, focused=false, checked=false, scrollable=false, selected=false, class=android.view.ViewGroup, important-for-accessibility=true, error=}, children=[TreeNode(attributes={text=TEST-OUTBOUND-001 — Dest X, accessibilityText=, hintText=, ignoreBoundsFiltering=false, resource-id=, clickable=false, bounds=[104,1468][976,1532], enabled=true, focused=false, checked=false, scrollable=false, selected=false, class=android.widget.TextView, important-for-accessibility=true, error=}, children=[], clickable=false, enabled=true, focused=false, checked=false, selected=false)], clickable=true, enabled=true, focused=false, checked=false, selected=false), bounds=Bounds(x=59, y=1434, width=962, height=131))
10:09:15.948 [ INFO] maestro.Maestro.tap-HgV9Ck0: Tap aimed via settled hierarchy
10:09:15.949 [ INFO] maestro.Maestro.hierarchyBasedTap-ogj28Uc: Tapping at (540, 1499) using hierarchy based logic for wait
10:09:17.314 [ INFO] maestro.Maestro.hierarchyBasedTap-ogj28Uc: Something has changed in the UI judging by view hierarchy. Proceed.
10:09:17.315 [ INFO] maestro.cli.runner.CliConsoleListener.onCommandFinished: Tap on id: outbound-arc-row-TEST-OUTBOUND-001-Dest-X COMPLETED
10:09:17.315 [ INFO] maestro.cli.runner.CliConsoleListener.onCommandStart: Scan dock location 2DOCKDOOR1 RUNNING
10:09:17.316 [ INFO] maestro.cli.runner.CliConsoleListener.onCommandStart: Define variables RUNNING
10:09:17.316 [ INFO] maestro.cli.runner.CliConsoleListener.onCommandFinished: Define variables COMPLETED
10:09:17.316 [ INFO] maestro.cli.runner.CliConsoleListener.onCommandStart: Apply configuration RUNNING
10:09:17.317 [ INFO] maestro.cli.runner.CliConsoleListener.onCommandFinished: Apply configuration COMPLETED
10:09:17.317 [ INFO] maestro.cli.runner.CliConsoleListener.onCommandStart: Assert that id: ${triggerId} is visible RUNNING
10:09:17.566 [ INFO] maestro.cli.runner.CliConsoleListener.onCommandFinished: Assert that id: ${triggerId} is visible COMPLETED
10:09:17.567 [ INFO] maestro.cli.runner.CliConsoleListener.onCommandStart: Tap on id: ${triggerId} RUNNING
10:09:17.819 [ INFO] maestro.Maestro.tap-HgV9Ck0: Tapping on element:  UiElement(treeNode=TreeNode(attributes={text=, accessibilityText=Scan, hintText=, ignoreBoundsFiltering=false, resource-id=outbound-location-scan-button, clickable=true, bounds=[788,1760][1024,1861], enabled=true, focused=false, checked=false, scrollable=false, selected=false, class=android.widget.Button, important-for-accessibility=true, error=}, children=[TreeNode(attributes={text=, accessibilityText=, hintText=, ignoreBoundsFiltering=false, resource-id=, clickable=false, bounds=[825,1791][865,1830], enabled=true, focused=false, checked=false, scrollable=false, selected=false, class=com.horcrux.svg.SvgView, important-for-accessibility=false, error=}, children=[TreeNode(attributes={text=, accessibilityText=, hintText=, ignoreBoundsFiltering=false, resource-id=, clickable=false, bounds=[828,1797][861,1824], enabled=true, focused=false, checked=false, scrollable=false, selected=false, class=com.horcrux.svg.GroupView, important-for-accessibility=false, error=}, children=[TreeNode(attributes={text=, accessibilityText=, hintText=, ignoreBoundsFiltering=false, resource-id=, clickable=false, bounds=[828,1797][861,1824], enabled=true, focused=false, checked=false, scrollable=false, selected=false, class=com.horcrux.svg.PathView, important-for-accessibility=false, error=}, children=[], clickable=false, enabled=true, focused=false, checked=false, selected=false), TreeNode(attributes={text=, accessibilityText=, hintText=, ignoreBoundsFiltering=false, resource-id=, clickable=false, bounds=[840,1807][850,1817], enabled=true, focused=false, checked=false, scrollable=false, selected=false, class=com.horcrux.svg.CircleView, important-for-accessibility=false, error=}, children=[], clickable=false, enabled=true, focused=false, checked=false, selected=false)], clickable=false, enabled=true, focused=false, checked=false, selected=false)], clickable=false, enabled=true, focused=false, checked=false, selected=false), TreeNode(attributes={text=Scan, accessibilityText=, hintText=, ignoreBoundsFiltering=false, resource-id=, clickable=false, bounds=[887,1784][988,1837], enabled=true, focused=false, checked=false, scrollable=false, selected=false, class=android.widget.TextView, important-for-accessibility=true, error=}, children=[], clickable=false, enabled=true, focused=false, checked=false, selected=false)], clickable=true, enabled=true, focused=false, checked=false, selected=false), bounds=Bounds(x=788, y=1760, width=236, height=101))
10:09:19.252 [ INFO] maestro.Maestro.tap-HgV9Ck0: Tap aimed via settled hierarchy
10:09:19.255 [ INFO] maestro.Maestro.hierarchyBasedTap-ogj28Uc: Tapping at (906, 1810) using hierarchy based logic for wait
10:09:20.896 [ INFO] maestro.Maestro.hierarchyBasedTap-ogj28Uc: Something has changed in the UI judging by view hierarchy. Proceed.
10:09:20.901 [ INFO] maestro.cli.runner.CliConsoleListener.onCommandFinished: Tap on id: ${triggerId} COMPLETED
10:09:20.902 [ INFO] maestro.cli.runner.CliConsoleListener.onCommandStart: Assert that id: scanner-manual-entry-button is visible RUNNING
10:09:21.947 [ INFO] maestro.cli.runner.CliConsoleListener.onCommandFinished: Assert that id: scanner-manual-entry-button is visible COMPLETED
10:09:21.948 [ INFO] maestro.cli.runner.CliConsoleListener.onCommandStart: Tap on id: scanner-manual-entry-button RUNNING
10:09:22.094 [ INFO] maestro.Maestro.tap-HgV9Ck0: Tapping on element:  UiElement(treeNode=TreeNode(attributes={text=, accessibilityText=MANUAL ENTRY (TEST), hintText=, ignoreBoundsFiltering=false, resource-id=scanner-manual-entry-button, clickable=true, bounds=[228,1798][852,1936], enabled=true, focused=false, checked=false, scrollable=false, selected=false, class=android.view.ViewGroup, important-for-accessibility=true, error=}, children=[TreeNode(attributes={text=MANUAL ENTRY (TEST), accessibilityText=, hintText=, ignoreBoundsFiltering=false, resource-id=, clickable=false, bounds=[301,1837][779,1896], enabled=true, focused=false, checked=false, scrollable=false, selected=false, class=android.widget.TextView, important-for-accessibility=true, error=}, children=[], clickable=false, enabled=true, focused=false, checked=false, selected=false)], clickable=true, enabled=true, focused=false, checked=false, selected=false), bounds=Bounds(x=228, y=1798, width=624, height=138))
10:09:24.342 [ INFO] maestro.Maestro.tap-HgV9Ck0: Tap aimed via settled hierarchy
10:09:24.345 [ INFO] maestro.Maestro.hierarchyBasedTap-ogj28Uc: Tapping at (540, 1867) using hierarchy based logic for wait
10:09:25.777 [ INFO] maestro.Maestro.hierarchyBasedTap-ogj28Uc: Something has changed in the UI judging by view hierarchy. Proceed.
10:09:25.778 [ INFO] maestro.cli.runner.CliConsoleListener.onCommandFinished: Tap on id: scanner-manual-entry-button COMPLETED
10:09:25.778 [ INFO] maestro.cli.runner.CliConsoleListener.onCommandStart: Assert that id: scanner-manual-input is visible RUNNING
10:09:25.905 [ INFO] maestro.cli.runner.CliConsoleListener.onCommandFinished: Assert that id: scanner-manual-input is visible COMPLETED
10:09:25.905 [ INFO] maestro.cli.runner.CliConsoleListener.onCommandStart: Tap on id: scanner-manual-input RUNNING
10:09:26.065 [ INFO] maestro.Maestro.tap-HgV9Ck0: Tapping on element:  UiElement(treeNode=TreeNode(attributes={text=, accessibilityText=, hintText=Type barcode or QR code value..., ignoreBoundsFiltering=false, resource-id=scanner-manual-input, clickable=true, bounds=[124,1090][956,1264], enabled=true, focused=true, checked=false, scrollable=false, selected=false, class=android.widget.EditText, important-for-accessibility=true, error=}, children=[], clickable=true, enabled=true, focused=true, checked=false, selected=false), bounds=Bounds(x=124, y=1090, width=832, height=174))
10:09:27.709 [ INFO] maestro.Maestro.tap-HgV9Ck0: Tap aimed via settled hierarchy
10:09:27.713 [ INFO] maestro.Maestro.hierarchyBasedTap-ogj28Uc: Tapping at (540, 1177) using hierarchy based logic for wait
10:09:29.420 [ INFO] maestro.Maestro.hierarchyBasedTap-ogj28Uc: Something has changed in the UI judging by view hierarchy. Proceed.
10:09:29.423 [ INFO] maestro.cli.runner.CliConsoleListener.onCommandFinished: Tap on id: scanner-manual-input COMPLETED
10:09:29.423 [ INFO] maestro.cli.runner.CliConsoleListener.onCommandStart: Input text ${value} RUNNING
10:09:29.438 [ INFO] maestro.Maestro.inputText: Inputting text: 2DOCKDOOR1
10:09:32.322 [ INFO] maestro.cli.runner.CliConsoleListener.onCommandFinished: Input text ${value} COMPLETED
10:09:32.323 [ INFO] maestro.cli.runner.CliConsoleListener.onCommandStart: Tap on id: scanner-manual-submit RUNNING
10:09:32.758 [ INFO] maestro.Maestro.tap-HgV9Ck0: Tapping on element:  UiElement(treeNode=TreeNode(attributes={text=, accessibilityText=Submit, hintText=, ignoreBoundsFiltering=false, resource-id=scanner-manual-submit, clickable=true, bounds=[560,884][956,1035], enabled=true, focused=false, checked=false, scrollable=false, selected=false, class=android.view.ViewGroup, important-for-accessibility=true, error=}, children=[TreeNode(attributes={text=Submit, accessibilityText=, hintText=, ignoreBoundsFiltering=false, resource-id=, clickable=false, bounds=[678,923][838,990], enabled=true, focused=false, checked=false, scrollable=false, selected=false, class=android.widget.TextView, important-for-accessibility=true, error=}, children=[], clickable=false, enabled=true, focused=false, checked=false, selected=false)], clickable=true, enabled=true, focused=false, checked=false, selected=false), bounds=Bounds(x=560, y=884, width=396, height=151))
10:09:34.347 [ INFO] maestro.Maestro.tap-HgV9Ck0: Tap aimed via settled hierarchy
10:09:34.351 [ INFO] maestro.Maestro.hierarchyBasedTap-ogj28Uc: Tapping at (758, 959) using hierarchy based logic for wait
10:09:36.593 [ INFO] maestro.Maestro.hierarchyBasedTap-ogj28Uc: Something has changed in the UI judging by view hierarchy. Proceed.
10:09:36.594 [ INFO] maestro.cli.runner.CliConsoleListener.onCommandFinished: Tap on id: scanner-manual-submit COMPLETED
10:09:36.594 [ INFO] maestro.cli.runner.CliConsoleListener.onCommandStart: Wait for animation to end RUNNING
10:09:36.596 [ INFO] maestro.Maestro.waitForAnimationToEnd$lambda$53: Waiting for animation to end with timeout 15000
10:09:36.597 [TRACE] maestro.utils.ScreenshotUtils.takeScreenshot: Taking screenshot to byte array
10:09:36.597 [TRACE] maestro.utils.ScreenshotUtils.takeScreenshot: Taking screenshot to output sink
10:09:36.989 [TRACE] maestro.utils.ScreenshotUtils.takeScreenshot: Taking screenshot to byte array
10:09:36.989 [TRACE] maestro.utils.ScreenshotUtils.takeScreenshot: Taking screenshot to output sink
10:09:37.486 [ INFO] maestro.cli.runner.CliConsoleListener.onCommandFinished: Wait for animation to end COMPLETED
10:09:37.486 [ INFO] maestro.cli.runner.CliConsoleListener.onCommandStart: Take screenshot after-scan-${value} RUNNING
10:09:37.488 [ INFO] maestro.Maestro.takeScreenshot: Taking screenshot
10:09:37.488 [TRACE] maestro.utils.ScreenshotUtils.takeScreenshot: Taking screenshot to output sink
10:09:37.781 [ INFO] maestro.cli.runner.CliConsoleListener.onCommandFinished: Take screenshot after-scan-${value} COMPLETED
10:09:37.784 [ INFO] maestro.cli.runner.CliConsoleListener.onCommandFinished: Scan dock location 2DOCKDOOR1 COMPLETED
10:09:37.786 [ INFO] maestro.cli.runner.CliConsoleListener.onCommandStart: Scrolling DOWN until id: outbound-submit-button is visible with speed 40, visibility percentage 100%, timeout 10000 ms, with centering disabled RUNNING
10:09:38.604 [ WARN] maestro.orchestra.Orchestra.scrollUntilVisible: Error: maestro.MaestroException$ElementNotFound: Element not found: Id matching regex: outbound-submit-button
10:09:38.661 [ INFO] maestro.Maestro.swipeFromCenter: Swiping UP from center
10:09:40.859 [ INFO] maestro.orchestra.Orchestra.scrollUntilVisible: Scrolling try count: 0, DeviceWidth: 1080, DeviceWidth: 2408
10:09:40.859 [ INFO] maestro.orchestra.Orchestra.scrollUntilVisible: Element bounds: Bounds(x=56, y=2037, width=968, height=147)
10:09:40.861 [ INFO] maestro.orchestra.Orchestra.scrollUntilVisible: Visibility Percent: 1.0
10:09:40.881 [ INFO] maestro.orchestra.Orchestra.scrollUntilVisible: Command centerElement: ScrollUntilVisibleCommand(selector=ElementSelector(textRegex=null, idRegex=outbound-submit-button, size=null, below=null, above=null, leftOf=null, rightOf=null, containsChild=null, containsDescendants=null, traits=null, index=null, enabled=null, optional=false, selected=null, checked=null, focused=null, childOf=null, css=null), direction=DOWN, scrollDuration=601, visibilityPercentage=100, timeout=10000, waitToSettleTimeoutMs=null, centerElement=false, originalSpeedValue=40, label=null, optional=false).centerElement
10:09:40.881 [ INFO] maestro.orchestra.Orchestra.scrollUntilVisible: visibilityPercentageNormalized: 1.0
10:09:40.882 [ INFO] maestro.cli.runner.CliConsoleListener.onCommandFinished: Scrolling DOWN until id: outbound-submit-button is visible with speed 40, visibility percentage 100%, timeout 10000 ms, with centering disabled COMPLETED
10:09:40.882 [ INFO] maestro.cli.runner.CliConsoleListener.onCommandStart: Take screenshot ready-to-submit RUNNING
10:09:40.882 [ INFO] maestro.Maestro.takeScreenshot: Taking screenshot
10:09:40.882 [TRACE] maestro.utils.ScreenshotUtils.takeScreenshot: Taking screenshot to output sink
10:09:41.162 [ INFO] maestro.cli.runner.CliConsoleListener.onCommandFinished: Take screenshot ready-to-submit COMPLETED
10:09:41.162 [ INFO] maestro.cli.runner.CliConsoleListener.onCommandStart: Create pallet & print tag RUNNING
10:09:41.475 [ INFO] maestro.Maestro.tap-HgV9Ck0: Tapping on element:  UiElement(treeNode=TreeNode(attributes={text=, accessibilityText=Create pallet & print tag, hintText=, ignoreBoundsFiltering=false, resource-id=outbound-submit-button, clickable=true, bounds=[56,2037][1024,2184], enabled=true, focused=false, checked=false, scrollable=false, selected=false, class=android.widget.Button, important-for-accessibility=true, error=}, children=[TreeNode(attributes={text=Create pallet & print tag, accessibilityText=, hintText=, ignoreBoundsFiltering=false, resource-id=, clickable=false, bounds=[253,2079][827,2141], enabled=true, focused=false, checked=false, scrollable=false, selected=false, class=android.widget.TextView, important-for-accessibility=true, error=}, children=[], clickable=false, enabled=true, focused=false, checked=false, selected=false)], clickable=true, enabled=true, focused=false, checked=false, selected=false), bounds=Bounds(x=56, y=2037, width=968, height=147))
10:09:42.883 [ INFO] maestro.Maestro.tap-HgV9Ck0: Tap aimed via settled hierarchy
10:09:42.885 [ INFO] maestro.Maestro.hierarchyBasedTap-ogj28Uc: Tapping at (540, 2110) using hierarchy based logic for wait
10:09:44.210 [ INFO] maestro.Maestro.hierarchyBasedTap-ogj28Uc: Something has changed in the UI judging by view hierarchy. Proceed.
10:09:44.211 [ INFO] maestro.cli.runner.CliConsoleListener.onCommandFinished: Create pallet & print tag COMPLETED
10:09:44.211 [ INFO] maestro.cli.runner.CliConsoleListener.onCommandStart: Assert that "Bluetooth printer required" is visible RUNNING
10:09:44.357 [ INFO] maestro.cli.runner.CliConsoleListener.onCommandFinished: Assert that "Bluetooth printer required" is visible COMPLETED
10:09:44.357 [ INFO] maestro.cli.runner.CliConsoleListener.onCommandStart: Take screenshot final-state RUNNING
10:09:44.359 [ INFO] maestro.Maestro.takeScreenshot: Taking screenshot
10:09:44.359 [TRACE] maestro.utils.ScreenshotUtils.takeScreenshot: Taking screenshot to output sink
10:09:44.656 [ INFO] maestro.cli.runner.CliConsoleListener.onCommandFinished: Take screenshot final-state COMPLETED
